 weakref

 Timestamp is 56035818 (Thu Sep 24 09:55:36 2015)

 Preferred load address is 0000000180000000

 Start         Length     Name                   Class
 0001:00000000 00000037H .text$di                CODE
 0001:00000040 00010233H .text$mn                CODE
 0001:00010280 000002a8H .text$x                 CODE
 0001:00010530 00000003H .text$yd                CODE
 0002:00000000 00000228H .idata$5                DATA
 0002:00000228 00000008H .CRT$XCA                DATA
 0002:00000230 00000020H .CRT$XCU                DATA
 0002:00000250 00000008H .CRT$XCZ                DATA
 0002:00000258 00000008H .CRT$XIA                DATA
 0002:00000260 00000020H .CRT$XIC                DATA
 0002:00000280 00000008H .CRT$XIZ                DATA
 0002:00000288 00000008H .CRT$XPA                DATA
 0002:00000290 00000010H .CRT$XPX                DATA
 0002:000002a0 00000008H .CRT$XPXA               DATA
 0002:000002a8 00000008H .CRT$XPZ                DATA
 0002:000002b0 00000008H .CRT$XTA                DATA
 0002:000002b8 00000008H .CRT$XTZ                DATA
 0002:000002c0 00007320H .rdata                  DATA
 0002:000075e0 0000008cH .rdata$debug            DATA
 0002:00007670 0000016cH .rdata$r                DATA
 0002:000077e0 00000008H .rtc$IAA                DATA
 0002:000077e8 00000008H .rtc$IZZ                DATA
 0002:000077f0 00000008H .rtc$TAA                DATA
 0002:000077f8 00000008H .rtc$TZZ                DATA
 0002:00007800 00000cecH .xdata                  DATA
 0002:000084f0 00000084H .xdata$x                DATA
 0002:00008574 00000020H .didat$2                DATA
 0002:00008594 00000020H .didat$3                DATA
 0002:000085b8 00000180H .didat$4                DATA
 0002:00008738 00000cfaH .didat$6                DATA
 0002:00009438 00000180H .didat$7                DATA
 0002:000095c0 00000052H .edata                  DATA
 0002:00009614 00000014H .idata$2                DATA
 0002:00009628 00000014H .idata$3                DATA
 0002:00009640 00000228H .idata$4                DATA
 0002:00009868 00000500H .idata$6                DATA
 0003:00000000 00001888H .data                   DATA
 0003:00001888 00000070H .data$r                 DATA
 0003:000018f8 00000180H .didat$5                DATA
 0003:00001a80 000024a8H .bss                    DATA
 0004:00000000 00000d74H .pdata                  DATA
 0005:00000000 00000058H .rsrc$01                DATA
 0005:00000060 00000180H .rsrc$02                DATA

  Address         Publics by Value              Rva+Base               Lib:Object

 0000:00000000       ___safe_se_handler_count   0000000000000000     <absolute>
 0000:00000000       __guard_fids_count         0000000000000000     <absolute>
 0000:00000000       __guard_fids_table         0000000000000000     <absolute>
 0000:00000000       ___safe_se_handler_table   0000000000000000     <absolute>
 0000:00000000       __guard_flags              0000000000000000     <absolute>
 0000:00000000       __ImageBase                0000000180000000     <linker-defined>
 0001:00000730       ?New@?$Factory@VFunctionTemplate@v8@@@imp@Nan@@SA?AV?$Local@VFunctionTemplate@v8@@@v8@@P6AXAEBV?$FunctionCallbackInfo@VValue@v8@@@3@@ZV?$Local@VValue@v8@@@5@V?$Local@VSignature@v8@@@5@@Z 0000000180001730 f i weakref.obj
 0001:000008c0       ??0Callback@Nan@@QEAA@AEBV?$Local@VFunction@v8@@@v8@@@Z 00000001800018c0 f i weakref.obj
 0001:000009d0       ?SetNamedPropertyHandler@Nan@@YAXV?$Local@VObjectTemplate@v8@@@v8@@P6AXV?$Local@VString@v8@@@3@AEBV?$PropertyCallbackInfo@VValue@v8@@@1@@ZP6AX1V?$Local@VValue@v8@@@3@2@ZP6AX1AEBV?$PropertyCallbackInfo@VInteger@v8@@@1@@ZP6AX1AEBV?$PropertyCallbackInfo@VBoolean@v8@@@1@@ZP6AXAEBV?$PropertyCallbackInfo@VArray@v8@@@1@@Z4@Z 00000001800019d0 f i weakref.obj
 0001:00000c20       ?SetIndexedPropertyHandler@Nan@@YAXV?$Local@VObjectTemplate@v8@@@v8@@P6AXIAEBV?$PropertyCallbackInfo@VValue@v8@@@1@@ZP6AXIV?$Local@VValue@v8@@@3@1@ZP6AXIAEBV?$PropertyCallbackInfo@VInteger@v8@@@1@@ZP6AXIAEBV?$PropertyCallbackInfo@VBoolean@v8@@@1@@ZP6AXAEBV?$PropertyCallbackInfo@VArray@v8@@@1@@Z3@Z 0000000180001c20 f i weakref.obj
 0001:00000e70       ?Unwrap@?A0xa2493420@@YA?AV?$Local@VObject@v8@@@v8@@V23@@Z 0000000180001e70 f   weakref.obj
 0001:00000f50       ?WeakNamedPropertyGetter@?A0xa2493420@@YAXV?$Local@VString@v8@@@v8@@AEBV?$PropertyCallbackInfo@VValue@v8@@@Nan@@@Z 0000000180001f50 f   weakref.obj
 0001:00001070       ?WeakNamedPropertySetter@?A0xa2493420@@YAXV?$Local@VString@v8@@@v8@@V?$Local@VValue@v8@@@3@AEBV?$PropertyCallbackInfo@VValue@v8@@@Nan@@@Z 0000000180002070 f   weakref.obj
 0001:00001190       ?WeakNamedPropertyQuery@?A0xa2493420@@YAXV?$Local@VString@v8@@@v8@@AEBV?$PropertyCallbackInfo@VInteger@v8@@@Nan@@@Z 0000000180002190 f   weakref.obj
 0001:00001190       ?WeakIndexedPropertyQuery@?A0xa2493420@@YAXIAEBV?$PropertyCallbackInfo@VInteger@v8@@@Nan@@@Z 0000000180002190 f   weakref.obj
 0001:000011a0       ?WeakNamedPropertyDeleter@?A0xa2493420@@YAXV?$Local@VString@v8@@@v8@@AEBV?$PropertyCallbackInfo@VBoolean@v8@@@Nan@@@Z 00000001800021a0 f   weakref.obj
 0001:000012a0       ?WeakIndexedPropertyGetter@?A0xa2493420@@YAXIAEBV?$PropertyCallbackInfo@VValue@v8@@@Nan@@@Z 00000001800022a0 f   weakref.obj
 0001:000013b0       ?WeakIndexedPropertySetter@?A0xa2493420@@YAXIV?$Local@VValue@v8@@@v8@@AEBV?$PropertyCallbackInfo@VValue@v8@@@Nan@@@Z 00000001800023b0 f   weakref.obj
 0001:000014c0       ?WeakIndexedPropertyDeleter@?A0xa2493420@@YAXIAEBV?$PropertyCallbackInfo@VBoolean@v8@@@Nan@@@Z 00000001800024c0 f   weakref.obj
 0001:000015b0       ?WeakPropertyEnumerator@?A0xa2493420@@YAXAEBV?$PropertyCallbackInfo@VArray@v8@@@Nan@@@Z 00000001800025b0 f   weakref.obj
 0001:00001820       ?Create@?A0xa2493420@@YAXAEBV?$FunctionCallbackInfo@VValue@v8@@@Nan@@@Z 0000000180002820 f   weakref.obj
 0001:00001af0       ?IsWeakRef@?A0xa2493420@@YAXAEBV?$FunctionCallbackInfo@VValue@v8@@@Nan@@@Z 0000000180002af0 f   weakref.obj
 0001:00001b60       ?Get@?A0xa2493420@@YAXAEBV?$FunctionCallbackInfo@VValue@v8@@@Nan@@@Z 0000000180002b60 f   weakref.obj
 0001:00001cf0       ?IsNearDeath@?A0xa2493420@@YAXAEBV?$FunctionCallbackInfo@VValue@v8@@@Nan@@@Z 0000000180002cf0 f   weakref.obj
 0001:00001e90       ?IsDead@?A0xa2493420@@YAXAEBV?$FunctionCallbackInfo@VValue@v8@@@Nan@@@Z 0000000180002e90 f   weakref.obj
 0001:00002000       ?GetEmitter@?A0xa2493420@@YAXAEBV?$FunctionCallbackInfo@VValue@v8@@@Nan@@@Z 0000000180003000 f   weakref.obj
 0001:00002180       ?SetCallback@?A0xa2493420@@YAXAEBV?$FunctionCallbackInfo@VValue@v8@@@Nan@@@Z 0000000180003180 f   weakref.obj
 0001:000021e0       ?Initialize@?A0xa2493420@@YAXV?$Local@VObject@v8@@@v8@@@Z 00000001800031e0 f   weakref.obj
 0001:00002800       ?invokeparameter@?$WeakCallbackInfo@Vproxy_container@?A0xa2493420@@@Nan@@CAXAEBV?$WeakCallbackInfo@V?$WeakCallbackInfo@Vproxy_container@?A0xa2493420@@@Nan@@@v8@@@Z 0000000180003800 f i weakref.obj
 0001:000028bc       __imp_load_node_module_register 00000001800038bc f   node:node.exe
 0001:000028c8       __tailMerge_node_exe       00000001800038c8 f i node:node.exe
 0001:00002941       __imp_load_?Global@Context@v8@@QEAA?AV?$Local@VObject@v8@@@2@XZ 0000000180003941 f   node:node.exe
 0001:0000294d       __imp_load_?ToLocalEmpty@V8@v8@@CAXXZ 000000018000394d f   node:node.exe
 0001:00002959       __imp_load_?FromJustIsNothing@V8@v8@@CAXXZ 0000000180003959 f   node:node.exe
 0001:00002965       __imp_load_?MakeWeak@V8@v8@@CAXPEAPEAVObject@internal@2@PEAXP6AXAEBV?$WeakCallbackInfo@X@2@@ZW4WeakCallbackType@2@@Z 0000000180003965 f   node:node.exe
 0001:00002971       __imp_load_?DisposeGlobal@V8@v8@@CAXPEAPEAVObject@internal@2@@Z 0000000180003971 f   node:node.exe
 0001:0000297d       __imp_load_?GlobalizeReference@V8@v8@@CAPEAPEAVObject@internal@2@PEAVIsolate@42@PEAPEAV342@@Z 000000018000397d f   node:node.exe
 0001:00002989       __imp_load_?Escape@EscapableHandleScope@v8@@AEAAPEAPEAVObject@internal@2@PEAPEAV342@@Z 0000000180003989 f   node:node.exe
 0001:00002995       __imp_load_??0EscapableHandleScope@v8@@QEAA@PEAVIsolate@1@@Z 0000000180003995 f   node:node.exe
 0001:000029a1       __imp_load_?IsObject@Value@v8@@QEBA_NXZ 00000001800039a1 f   node:node.exe
 0001:000029ad       __imp_load_?GetFunction@FunctionTemplate@v8@@QEAA?AV?$MaybeLocal@VFunction@v8@@@2@V?$Local@VContext@v8@@@2@@Z 00000001800039ad f   node:node.exe
 0001:000029b9       __imp_load_?New@FunctionTemplate@v8@@SA?AV?$Local@VFunctionTemplate@v8@@@2@PEAVIsolate@2@P6AXAEBV?$FunctionCallbackInfo@VValue@v8@@@2@@ZV?$Local@VValue@v8@@@2@V?$Local@VSignature@v8@@@2@H@Z 00000001800039b9 f   node:node.exe
 0001:000029c5       __imp_load_?TypeError@Exception@v8@@SA?AV?$Local@VValue@v8@@@2@V?$Local@VString@v8@@@2@@Z 00000001800039c5 f   node:node.exe
 0001:000029d1       __imp_load_?NewFromUtf8@String@v8@@SA?AV?$MaybeLocal@VString@v8@@@2@PEAVIsolate@2@PEBDW4NewStringType@2@H@Z 00000001800039d1 f   node:node.exe
 0001:000029dd       __imp_load_?New@Array@v8@@SA?AV?$Local@VArray@v8@@@2@PEAVIsolate@2@H@Z 00000001800039dd f   node:node.exe
 0001:000029e9       __imp_load_?CreateHandle@HandleScope@v8@@KAPEAPEAVObject@internal@2@PEAVIsolate@42@PEAV342@@Z 00000001800039e9 f   node:node.exe
 0001:000029f5       __imp_load_?CreateHandle@HandleScope@v8@@CAPEAPEAVObject@internal@2@PEAVHeapObject@42@PEAV342@@Z 00000001800039f5 f   node:node.exe
 0001:00002a01       __imp_load_??1HandleScope@v8@@QEAA@XZ 0000000180003a01 f   node:node.exe
 0001:00002a0d       __imp_load_??0HandleScope@v8@@QEAA@PEAVIsolate@1@@Z 0000000180003a0d f   node:node.exe
 0001:00002a19       __imp_load_?SlowGetAlignedPointerFromInternalField@Object@v8@@AEAAPEAXH@Z 0000000180003a19 f   node:node.exe
 0001:00002a25       __imp_load_?SlowGetInternalField@Object@v8@@AEAA?AV?$Local@VValue@v8@@@2@H@Z 0000000180003a25 f   node:node.exe
 0001:00002a31       __imp_load_?New@Object@v8@@SA?AV?$Local@VObject@v8@@@2@PEAVIsolate@2@@Z 0000000180003a31 f   node:node.exe
 0001:00002a3d       __imp_load_?SetAlignedPointerInInternalField@Object@v8@@QEAAXHPEAX@Z 0000000180003a3d f   node:node.exe
 0001:00002a49       __imp_load_?SetInternalField@Object@v8@@QEAAXHV?$Local@VValue@v8@@@2@@Z 0000000180003a49 f   node:node.exe
 0001:00002a55       __imp_load_?InternalFieldCount@Object@v8@@QEAAHXZ 0000000180003a55 f   node:node.exe
 0001:00002a61       __imp_load_?GetPropertyNames@Object@v8@@QEAA?AV?$MaybeLocal@VArray@v8@@@2@V?$Local@VContext@v8@@@2@@Z 0000000180003a61 f   node:node.exe
 0001:00002a6d       __imp_load_?Delete@Object@v8@@QEAA?AV?$Maybe@_N@2@V?$Local@VContext@v8@@@2@V?$Local@VValue@v8@@@2@@Z 0000000180003a6d f   node:node.exe
 0001:00002a79       __imp_load_?Delete@Object@v8@@QEAA?AV?$Maybe@_N@2@V?$Local@VContext@v8@@@2@I@Z 0000000180003a79 f   node:node.exe
 0001:00002a85       __imp_load_?Get@Object@v8@@QEAA?AV?$MaybeLocal@VValue@v8@@@2@V?$Local@VContext@v8@@@2@V?$Local@VValue@v8@@@2@@Z 0000000180003a85 f   node:node.exe
 0001:00002a91       __imp_load_?Get@Object@v8@@QEAA?AV?$Local@VValue@v8@@@2@I@Z 0000000180003a91 f   node:node.exe
 0001:00002a9d       __imp_load_?Get@Object@v8@@QEAA?AV?$MaybeLocal@VValue@v8@@@2@V?$Local@VContext@v8@@@2@I@Z 0000000180003a9d f   node:node.exe
 0001:00002aa9       __imp_load_?Set@Object@v8@@QEAA_NV?$Local@VValue@v8@@@2@0@Z 0000000180003aa9 f   node:node.exe
 0001:00002ab5       __imp_load_?Set@Object@v8@@QEAA?AV?$Maybe@_N@2@V?$Local@VContext@v8@@@2@V?$Local@VValue@v8@@@2@1@Z 0000000180003ab5 f   node:node.exe
 0001:00002ac1       __imp_load_?Set@Object@v8@@QEAA?AV?$Maybe@_N@2@V?$Local@VContext@v8@@@2@IV?$Local@VValue@v8@@@2@@Z 0000000180003ac1 f   node:node.exe
 0001:00002acd       __imp_load_?SetInternalFieldCount@ObjectTemplate@v8@@QEAAXH@Z 0000000180003acd f   node:node.exe
 0001:00002ad9       __imp_load_?SetHandler@ObjectTemplate@v8@@QEAAXAEBUNamedPropertyHandlerConfiguration@2@@Z 0000000180003ad9 f   node:node.exe
 0001:00002ae5       __imp_load_?SetHandler@ObjectTemplate@v8@@QEAAXAEBUIndexedPropertyHandlerConfiguration@2@@Z 0000000180003ae5 f   node:node.exe
 0001:00002af1       __imp_load_?NewInstance@ObjectTemplate@v8@@QEAA?AV?$Local@VObject@v8@@@2@XZ 0000000180003af1 f   node:node.exe
 0001:00002afd       __imp_load_?NewInstance@ObjectTemplate@v8@@QEAA?AV?$MaybeLocal@VObject@v8@@@2@V?$Local@VContext@v8@@@2@@Z 0000000180003afd f   node:node.exe
 0001:00002b09       __imp_load_?New@ObjectTemplate@v8@@SA?AV?$Local@VObjectTemplate@v8@@@2@PEAVIsolate@2@V?$Local@VFunctionTemplate@v8@@@2@@Z 0000000180003b09 f   node:node.exe
 0001:00002b15       __imp_load_?SetName@Function@v8@@QEAAXV?$Local@VString@v8@@@2@@Z 0000000180003b15 f   node:node.exe
 0001:00002b21       __imp_load_?Call@Function@v8@@QEAA?AV?$Local@VValue@v8@@@2@V32@HQEAV32@@Z 0000000180003b21 f   node:node.exe
 0001:00002b2d       __imp_load_?ThrowException@Isolate@v8@@QEAA?AV?$Local@VValue@v8@@@2@V32@@Z 0000000180003b2d f   node:node.exe
 0001:00002b39       __imp_load_?GetCurrentContext@Isolate@v8@@QEAA?AV?$Local@VContext@v8@@@2@XZ 0000000180003b39 f   node:node.exe
 0001:00002b45       __imp_load_?GetCurrent@Isolate@v8@@SAPEAV12@XZ 0000000180003b45 f   node:node.exe
 0001:00002b51       __imp_load_?Value@External@v8@@QEBAPEAXXZ 0000000180003b51 f   node:node.exe
 0001:00002b5d       __imp_load_?New@External@v8@@SA?AV?$Local@VExternal@v8@@@2@PEAVIsolate@2@PEAX@Z 0000000180003b5d f   node:node.exe
 0001:00002b6c       ??0bad_alloc@std@@QEAA@AEBV01@@Z 0000000180003b6c f i libcpmt:xthrow.obj
 0001:00002b90       ??1bad_alloc@std@@UEAA@XZ  0000000180003b90 f i libcpmt:xthrow.obj
 0001:00002ba0       ??_Gbad_alloc@std@@UEAAPEAXI@Z 0000000180003ba0 f i libcpmt:xthrow.obj
 0001:00002ba0       ??_Ebad_alloc@std@@UEAAPEAXI@Z 0000000180003ba0 f i libcpmt:xthrow.obj
 0001:00002bf0       __security_check_cookie    0000000180003bf0 f   LIBCMT:amdsecgs.obj
 0001:00002c20       memcpy                     0000000180003c20 f   LIBCMT:memcpy.obj
 0001:00002c20       memmove                    0000000180003c20 f   LIBCMT:memcpy.obj
 0001:00003188       _wassert                   0000000180004188 f   LIBCMT:wassert.obj
 0001:00003aec       __onexitinit               0000000180004aec f   LIBCMT:onexit.obj
 0001:00003b30       _onexit                    0000000180004b30 f   LIBCMT:onexit.obj
 0001:00003c3c       atexit                     0000000180004c3c f   LIBCMT:onexit.obj
 0001:00003c54       ??3@YAXPEAX@Z              0000000180004c54 f   LIBCMT:delete.obj
 0001:00003c5c       ??2@YAPEAX_K@Z             0000000180004c5c f   LIBCMT:new.obj
 0001:00003cc8       ??0_LocaleUpdate@@QEAA@PEAUlocaleinfo_struct@@@Z 0000000180004cc8 f i LIBCMT:stricmp.obj
 0001:00003d70       __ascii_stricmp            0000000180004d70 f   LIBCMT:stricmp.obj
 0001:00003dac       _stricmp                   0000000180004dac f   LIBCMT:stricmp.obj
 0001:00003df4       _stricmp_l                 0000000180004df4 f   LIBCMT:stricmp.obj
 0001:00003ea8       _CRT_INIT                  0000000180004ea8 f   LIBCMT:dllcrt0.obj
 0001:00004008       _DllMainCRTStartup         0000000180005008 f   LIBCMT:dllcrt0.obj
 0001:00004180       strlen                     0000000180005180 f   LIBCMT:strlen.obj
 0001:00004228       _CxxThrowException         0000000180005228 f   LIBCMT:throw.obj
 0001:000042f0       ??_Etype_info@@UEAAPEAXI@Z 00000001800052f0 f i LIBCMT:typinfo.obj
 0001:000042f0       ??_Gtype_info@@UEAAPEAXI@Z 00000001800052f0 f i LIBCMT:typinfo.obj
 0001:0000432c       _fpmath                    000000018000532c f   LIBCMT:fpinit.obj
 0001:00004334       _cfltcvt_init              0000000180005334 f   LIBCMT:fpinit.obj
 0001:000043bc       ??0exception@std@@QEAA@AEBQEBDH@Z 00000001800053bc f   LIBCMT:stdexcpt.obj
 0001:000043d8       ??0exception@std@@QEAA@AEBV01@@Z 00000001800053d8 f   LIBCMT:stdexcpt.obj
 0001:00004404       ??1exception@std@@UEAA@XZ  0000000180005404 f   LIBCMT:stdexcpt.obj
 0001:00004414       ??4exception@std@@QEAAAEAV01@AEBV01@@Z 0000000180005414 f   LIBCMT:stdexcpt.obj
 0001:00004458       ??_Gexception@std@@UEAAPEAXI@Z 0000000180005458 f i LIBCMT:stdexcpt.obj
 0001:00004458       ??_Eexception@std@@UEAAPEAXI@Z 0000000180005458 f i LIBCMT:stdexcpt.obj
 0001:00004494       ?_Copy_str@exception@std@@AEAAXPEBD@Z 0000000180005494 f   LIBCMT:stdexcpt.obj
 0001:000044f0       ?_Tidy@exception@std@@AEAAXXZ 00000001800054f0 f   LIBCMT:stdexcpt.obj
 0001:00004518       ?what@exception@std@@UEBAPEBDXZ 0000000180005518 f   LIBCMT:stdexcpt.obj
 0001:0000452c       __raise_securityfailure    000000018000552c f   LIBCMT:gs_report.obj
 0001:00004578       __report_gsfailure         0000000180005578 f   LIBCMT:gs_report.obj
 0001:0000464c       __isa_available_init       000000018000564c f   LIBCMT:cpu_disp.obj
 0001:000047f0       _call_reportfault          00000001800057f0 f   LIBCMT:invarg.obj
 0001:000048e4       _initp_misc_invarg         00000001800058e4 f   LIBCMT:invarg.obj
 0001:000048ec       _invalid_parameter         00000001800058ec f   LIBCMT:invarg.obj
 0001:00004954       _invalid_parameter_noinfo  0000000180005954 f   LIBCMT:invarg.obj
 0001:00004974       _invoke_watson             0000000180005974 f   LIBCMT:invarg.obj
 0001:000049b0       memcpy_s                   00000001800059b0 f   LIBCMT:memcpy_s.obj
 0001:00004a38       wcscat_s                   0000000180005a38 f   LIBCMT:wcscat_s.obj
 0001:00004ac0       wcscpy_s                   0000000180005ac0 f   LIBCMT:wcscpy_s.obj
 0001:00004b2c       wcslen                     0000000180005b2c f   LIBCMT:wcslen.obj
 0001:00004b48       wcsncat_s                  0000000180005b48 f   LIBCMT:wcsncat_s.obj
 0001:00004c30       __crtCorExitProcess        0000000180005c30 f   LIBCMT:crt0dat.obj
 0001:00004c74       __crtExitProcess           0000000180005c74 f   LIBCMT:crt0dat.obj
 0001:00004c8c       __freeCrtMemory            0000000180005c8c f   LIBCMT:crt0dat.obj
 0001:00004dd4       _amsg_exit                 0000000180005dd4 f   LIBCMT:crt0dat.obj
 0001:00004dfc       _cexit                     0000000180005dfc f   LIBCMT:crt0dat.obj
 0001:00004e0c       _cinit                     0000000180005e0c f   LIBCMT:crt0dat.obj
 0001:00004ea4       _exit                      0000000180005ea4 f   LIBCMT:crt0dat.obj
 0001:00004eb0       _init_pointers             0000000180005eb0 f   LIBCMT:crt0dat.obj
 0001:00004f5c       _initterm_e                0000000180005f5c f   LIBCMT:crt0dat.obj
 0001:00004f98       _lockexit                  0000000180005f98 f   LIBCMT:crt0dat.obj
 0001:00004fa4       _unlockexit                0000000180005fa4 f   LIBCMT:crt0dat.obj
 0001:00005148       abort                      0000000180006148 f   LIBCMT:abort.obj
 0001:000051a0       _set_error_mode            00000001800061a0 f   LIBCMT:errmode.obj
 0001:000051e0       _itow_s                    00000001800061e0 f   LIBCMT:xtows.obj
 0001:00005318       __initstdio                0000000180006318 f   LIBCMT:_file.obj
 0001:000053b0       __endstdio                 00000001800063b0 f   LIBCMT:_file.obj
 0001:000053e0       __iob_func                 00000001800063e0 f   LIBCMT:_file.obj
 0001:000053e8       _lock_file                 00000001800063e8 f   LIBCMT:_file.obj
 0001:00005450       _lock_file2                0000000180006450 f   LIBCMT:_file.obj
 0001:00005484       _unlock_file               0000000180006484 f   LIBCMT:_file.obj
 0001:000054d4       _unlock_file2              00000001800064d4 f   LIBCMT:_file.obj
 0001:000054f4       _fflush_nolock             00000001800064f4 f   LIBCMT:fflush.obj
 0001:00005540       _flush                     0000000180006540 f   LIBCMT:fflush.obj
 0001:000055bc       _flushall                  00000001800065bc f   LIBCMT:fflush.obj
 0001:000055c8       fflush                     00000001800065c8 f   LIBCMT:fflush.obj
 0001:000056f4       setvbuf                    00000001800066f4 f   LIBCMT:setvbuf.obj
 0001:0000580c       fwprintf                   000000018000680c f   LIBCMT:fwprintf.obj
 0001:000058a0       _vswprintf_c_l             00000001800068a0 f   LIBCMT:vswprnc.obj
 0001:000058d8       _vswprintf_helper          00000001800068d8 f   LIBCMT:vswprnc.obj
 0001:000059f4       __get_sigabrt              00000001800069f4 f   LIBCMT:winsig.obj
 0001:00005a04       _initp_misc_winsig         0000000180006a04 f   LIBCMT:winsig.obj
 0001:00005a24       raise                      0000000180006a24 f   LIBCMT:winsig.obj
 0001:00005c58       __crtMessageBoxW           0000000180006c58 f   LIBCMT:crtmboxw.obj
 0001:00005ecc       __GSHandlerCheck           0000000180006ecc f   LIBCMT:gshandler.obj
 0001:00005eec       __GSHandlerCheckCommon     0000000180006eec f   LIBCMT:gshandler.obj
 0001:00005f50       _FF_MSGBANNER              0000000180006f50 f   LIBCMT:crt0msg.obj
 0001:00005f94       _GET_RTERRMSG              0000000180006f94 f   LIBCMT:crt0msg.obj
 0001:00005fc4       _NMSG_WRITE                0000000180006fc4 f   LIBCMT:crt0msg.obj
 0001:00006234       _msize                     0000000180007234 f   LIBCMT:msize.obj
 0001:00006270       _calloc_crt                0000000180007270 f   LIBCMT:crtheap.obj
 0001:000062f0       _malloc_crt                00000001800072f0 f   LIBCMT:crtheap.obj
 0001:0000636c       _realloc_crt               000000018000736c f   LIBCMT:crtheap.obj
 0001:000063f0       __C_specific_handler       00000001800073f0 f   LIBCMT:chandler.obj
 0001:000065d4       _initp_misc_purevirt       00000001800075d4 f   LIBCMT:inithelp.obj
 0001:000065dc       free                       00000001800075dc f   LIBCMT:free.obj
 0001:0000661c       malloc                     000000018000761c f   LIBCMT:malloc.obj
 0001:000066d4       _callnewh                  00000001800076d4 f   LIBCMT:handler.obj
 0001:00006708       _initp_heap_handler        0000000180007708 f   LIBCMT:handler.obj
 0001:00006710       __addlocaleref             0000000180007710 f   LIBCMT:localref.obj
 0001:0000679c       __freetlocinfo             000000018000779c f   LIBCMT:localref.obj
 0001:00006934       __removelocaleref          0000000180007934 f   LIBCMT:localref.obj
 0001:000069d8       __updatetlocinfo           00000001800079d8 f   LIBCMT:localref.obj
 0001:00006a50       _updatetlocinfoEx_nolock   0000000180007a50 f   LIBCMT:localref.obj
 0001:00006ab4       __initmbctable             0000000180007ab4 f   LIBCMT:mbctype.obj
 0001:00006dd0       __updatetmbcinfo           0000000180007dd0 f   LIBCMT:mbctype.obj
 0001:00006e8c       _setmbcp                   0000000180007e8c f   LIBCMT:mbctype.obj
 0001:000070d0       _setmbcp_nolock            00000001800080d0 f   LIBCMT:mbctype.obj
 0001:00007380       _tolower_l                 0000000180008380 f   LIBCMT:tolower.obj
 0001:000074d4       tolower                    00000001800084d4 f   LIBCMT:tolower.obj
 0001:000074f4       _freefls                   00000001800084f4 f   LIBCMT:tidtable.obj
 0001:00007628       _freeptd                   0000000180008628 f   LIBCMT:tidtable.obj
 0001:00007664       _getptd                    0000000180008664 f   LIBCMT:tidtable.obj
 0001:00007688       _getptd_noexit             0000000180008688 f   LIBCMT:tidtable.obj
 0001:0000770c       _initptd                   000000018000870c f   LIBCMT:tidtable.obj
 0001:000077d0       _mtinit                    00000001800087d0 f   LIBCMT:tidtable.obj
 0001:00007850       _mtterm                    0000000180008850 f   LIBCMT:tidtable.obj
 0001:00007874       __doserrno                 0000000180008874 f   LIBCMT:dosmap.obj
 0001:00007894       _dosmaperr                 0000000180008894 f   LIBCMT:dosmap.obj
 0001:000078e4       _errno                     00000001800088e4 f   LIBCMT:dosmap.obj
 0001:00007904       _get_errno_from_oserr      0000000180008904 f   LIBCMT:dosmap.obj
 0001:00007954       _locterm                   0000000180008954 f   LIBCMT:wsetloca.obj
 0001:0000799c       _XcptFilter                000000018000899c f   LIBCMT:winxfltr.obj
 0001:00007b68       __CppXcptFilter            0000000180008b68 f   LIBCMT:winxfltr.obj
 0001:00007b7c       _heap_init                 0000000180008b7c f   LIBCMT:heapinit.obj
 0001:00007b9c       _heap_term                 0000000180008b9c f   LIBCMT:heapinit.obj
 0001:00007ba8       _ioinit                    0000000180008ba8 f   LIBCMT:ioinit.obj
 0001:00007ed8       _ioterm                    0000000180008ed8 f   LIBCMT:ioinit.obj
 0001:00007f4c       _setargv                   0000000180008f4c f   LIBCMT:stdargv.obj
 0001:00008208       _setenvp                   0000000180009208 f   LIBCMT:stdenvp.obj
 0001:0000833c       __security_init_cookie     000000018000933c f   LIBCMT:gs_support.obj
 0001:000083e8       DllMain                    00000001800093e8 f   LIBCMT:dllmain.obj
 0001:000083f0       __crtGetEnvironmentStringsA 00000001800093f0 f   LIBCMT:a_env.obj
 0001:000084e4       __crtCaptureCurrentContext 00000001800094e4 f   LIBCMT:winapisupp.obj
 0001:00008554       __crtCapturePreviousContext 0000000180009554 f   LIBCMT:winapisupp.obj
 0001:000085c8       __crtFlsAlloc              00000001800095c8 f   LIBCMT:winapisupp.obj
 0001:000085e4       __crtFlsFree               00000001800095e4 f   LIBCMT:winapisupp.obj
 0001:00008600       __crtFlsGetValue           0000000180009600 f   LIBCMT:winapisupp.obj
 0001:0000861c       __crtFlsSetValue           000000018000961c f   LIBCMT:winapisupp.obj
 0001:00008638       __crtInitializeCriticalSectionEx 0000000180009638 f   LIBCMT:winapisupp.obj
 0001:00008664       __crtIsPackagedApp         0000000180009664 f   LIBCMT:winapisupp.obj
 0001:000086b0       __crtLoadWinApiPointers    00000001800096b0 f   LIBCMT:winapisupp.obj
 0001:00008aac       __crtSleep                 0000000180009aac f   LIBCMT:winapisupp.obj
 0001:00008ab4       __crtTerminateProcess      0000000180009ab4 f   LIBCMT:winapisupp.obj
 0001:00008ad4       __crtUnhandledException    0000000180009ad4 f   LIBCMT:winapisupp.obj
 0001:00008af4       _RTC_Initialize            0000000180009af4 f   LIBCMT:initsect.obj
 0001:00008b2c       _RTC_Terminate             0000000180009b2c f   LIBCMT:initsect.obj
 0001:00008b64       __DestructExceptionObject  0000000180009b64 f   LIBCMT:frame.obj
 0001:00008bd4       ?terminate@@YAXXZ          0000000180009bd4 f   LIBCMT:hooks.obj
 0001:00008bf4       _initp_eh_hooks            0000000180009bf4 f   LIBCMT:hooks.obj
 0001:00008c30       strcmp                     0000000180009c30 f   LIBCMT:strcmp.obj
 0001:00008c98       ?_Type_info_dtor@type_info@@CAXPEAV1@@Z 0000000180009c98 f   LIBCMT:typname.obj
 0001:00008d04       _cfltcvt                   0000000180009d04 f   LIBCMT:cvt.obj
 0001:00008d28       _cfltcvt_l                 0000000180009d28 f   LIBCMT:cvt.obj
 0001:00008da8       _cftoa_l                   0000000180009da8 f   LIBCMT:cvt.obj
 0001:00009354       _cftoe_l                   000000018000a354 f   LIBCMT:cvt.obj
 0001:000095b0       _cftof_l                   000000018000a5b0 f   LIBCMT:cvt.obj
 0001:00009684       _cftog_l                   000000018000a684 f   LIBCMT:cvt.obj
 0001:000097b8       _cropzeros                 000000018000a7b8 f   LIBCMT:cvt.obj
 0001:000097c0       _cropzeros_l               000000018000a7c0 f   LIBCMT:cvt.obj
 0001:00009858       _fassign                   000000018000a858 f   LIBCMT:cvt.obj
 0001:00009860       _fassign_l                 000000018000a860 f   LIBCMT:cvt.obj
 0001:000098a0       _forcdecpt                 000000018000a8a0 f   LIBCMT:cvt.obj
 0001:000098a8       _forcdecpt_l               000000018000a8a8 f   LIBCMT:cvt.obj
 0001:00009928       _positive                  000000018000a928 f   LIBCMT:cvt.obj
 0001:0000993c       _initp_misc_cfltcvt_tab    000000018000a93c f   LIBCMT:cmiscdat.obj
 0001:00009978       strcpy_s                   000000018000a978 f   LIBCMT:strcpy_s.obj
 0001:000099dc       __crt_debugger_hook        000000018000a9dc f   LIBCMT:dbghook.obj
 0001:00009a00       memset                     000000018000aa00 f   LIBCMT:memset.obj
 0001:00009c2c       _lock                      000000018000ac2c f   LIBCMT:mlock.obj
 0001:00009c70       _mtdeletelocks             000000018000ac70 f   LIBCMT:mlock.obj
 0001:00009cf8       _mtinitlocknum             000000018000acf8 f   LIBCMT:mlock.obj
 0001:00009db8       _mtinitlocks               000000018000adb8 f   LIBCMT:mlock.obj
 0001:00009e1c       _unlock                    000000018000ae1c f   LIBCMT:mlock.obj
 0001:00009e40       _FindPESection             000000018000ae40 f   LIBCMT:pesect.obj
 0001:00009e90       _IsNonwritableInCurrentImage 000000018000ae90 f   LIBCMT:pesect.obj
 0001:00009ee0       _ValidateImageBase         000000018000aee0 f   LIBCMT:pesect.obj
 0001:00009f10       _initp_misc_rand_s         000000018000af10 f   LIBCMT:rand_s.obj
 0001:00009f18       _ftbuf                     000000018000af18 f   LIBCMT:_sftbuf.obj
 0001:00009f50       _stbuf                     000000018000af50 f   LIBCMT:_sftbuf.obj
 0001:0000a020       _fcloseall                 000000018000b020 f   LIBCMT:closeall.obj
 0001:0000a0c8       _fileno                    000000018000b0c8 f   LIBCMT:fileno.obj
 0001:0000a0f0       _commit                    000000018000b0f0 f   LIBCMT:commit.obj
 0001:0000a1c8       _write                     000000018000b1c8 f   LIBCMT:write.obj
 0001:0000a2ac       _write_nolock              000000018000b2ac f   LIBCMT:write.obj
 0001:0000aaa0       _freebuf                   000000018000baa0 f   LIBCMT:_freebuf.obj
 0001:0000aad8       _woutput_l                 000000018000bad8 f   LIBCMT:woutput.obj
 0001:0000b698       _flsbuf                    000000018000c698 f   LIBCMT:_flsbuf.obj
 0001:0000b824       wcsncpy_s                  000000018000c824 f   LIBCMT:wcsncpy_s.obj
 0001:0000b8f0       realloc                    000000018000c8f0 f   LIBCMT:realloc.obj
 0001:0000b9c4       _calloc_impl               000000018000c9c4 f   LIBCMT:calloc_impl.obj
 0001:0000ba70       _local_unwind              000000018000ca70 f   LIBCMT:jmpuwind.obj
 0001:0000baa0       _NLG_Notify                000000018000caa0 f   LIBCMT:jmpuwind.obj
 0001:0000bac0       __NLG_Dispatch2            000000018000cac0 f   LIBCMT:jmpuwind.obj
 0001:0000bad0       __NLG_Return2              000000018000cad0 f   LIBCMT:jmpuwind.obj
 0001:0000bad4       GetTableIndexFromLocaleName 000000018000cad4 f   LIBCMT:winapinls.obj
 0001:0000bb60       __crtDownlevelLocaleNameToLCID 000000018000cb60 f   LIBCMT:winapinls.obj
 0001:0000bb94       __crtLCMapStringEx         000000018000cb94 f   LIBCMT:winapinls.obj
 0001:0000bc24       __wcsnicmp_ascii           000000018000cc24 f   LIBCMT:winapinls.obj
 0001:0000bc90       _get_fpsr                  000000018000cc90 f   LIBCMT:fpsr.obj
 0001:0000bca0       _set_fpsr                  000000018000cca0 f   LIBCMT:fpsr.obj
 0001:0000bcaa       _fclrf                     000000018000ccaa f   LIBCMT:fpsr.obj
 0001:0000bcbe       _frnd                      000000018000ccbe f   LIBCMT:fpsr.obj
 0001:0000bce0       __free_lconv_mon           000000018000cce0 f   LIBCMT:initmon.obj
 0001:0000bdec       __free_lconv_num           000000018000cdec f   LIBCMT:initnum.obj
 0001:0000be58       __free_lc_time             000000018000ce58 f   LIBCMT:inittime.obj
 0001:0000c540       __crtLCMapStringA          000000018000d540 f   LIBCMT:a_map.obj
 0001:0000c750       __crtGetStringTypeA        000000018000d750 f   LIBCMT:a_str.obj
 0001:0000c7cc       _isctype_l                 000000018000d7cc f   LIBCMT:isctype.obj
 0001:0000c8a8       _isleadbyte_l              000000018000d8a8 f i LIBCMT:_wctype.obj
 0001:0000c8ec       isleadbyte                 000000018000d8ec f i LIBCMT:_wctype.obj
 0001:0000c950       memcmp                     000000018000d950 f   LIBCMT:memcmp.obj
 0001:0000ca94       _ismbblead                 000000018000da94 f   LIBCMT:ismbbyte.obj
 0001:0000cac0       _CallSettingFrame          000000018000dac0 f   LIBCMT:handlers.obj
 0001:0000cb00       _GetNextInstrOffset        000000018000db00 f   LIBCMT:handlers.obj
 0001:0000cb08       isdigit                    000000018000db08 f i LIBCMT:_ctype.obj
 0001:0000cb84       strrchr                    000000018000db84 f   LIBCMT:strrchr.obj
 0001:0000ccc8       _fptostr                   000000018000dcc8 f   LIBCMT:_fptostr.obj
 0001:0000cd94       __crt_atoflt_l             000000018000dd94 f   LIBCMT:atodbl.obj
 0001:0000ce64       _atodbl_l                  000000018000de64 f   LIBCMT:atodbl.obj
 0001:0000cf2c       _atoflt_l                  000000018000df2c f   LIBCMT:atodbl.obj
 0001:0000cf34       __dtold                    000000018000df34 f   LIBCMT:cfout.obj
 0001:0000d004       _fltout2                   000000018000e004 f   LIBCMT:cfout.obj
 0001:0000d0bc       _fptrap                    000000018000e0bc f   LIBCMT:crt0fp.obj
 0001:0000d0c8       _isatty                    000000018000e0c8 f   LIBCMT:isatty.obj
 0001:0000d128       _fclose_nolock             000000018000e128 f   LIBCMT:fclose.obj
 0001:0000d1a4       fclose                     000000018000e1a4 f   LIBCMT:fclose.obj
 0001:0000d20c       __lock_fhandle             000000018000e20c f   LIBCMT:osfinfo.obj
 0001:0000d2a4       _free_osfhnd               000000018000e2a4 f   LIBCMT:osfinfo.obj
 0001:0000d350       _get_osfhandle             000000018000e350 f   LIBCMT:osfinfo.obj
 0001:0000d3c4       _unlock_fhandle            000000018000e3c4 f   LIBCMT:osfinfo.obj
 0001:0000d3f0       _lseeki64                  000000018000e3f0 f   LIBCMT:lseeki64.obj
 0001:0000d4d8       _lseeki64_nolock           000000018000e4d8 f   LIBCMT:lseeki64.obj
 0001:0000d56c       _mbtowc_l                  000000018000e56c f   LIBCMT:mbtowc.obj
 0001:0000d6c0       mbtowc                     000000018000e6c0 f   LIBCMT:mbtowc.obj
 0001:0000d6c8       _putwch_nolock             000000018000e6c8 f   LIBCMT:putwch.obj
 0001:0000d740       __chkstk                   000000018000e740 f   LIBCMT:chkstk.obj
 0001:0000d740       _alloca_probe              000000018000e740 f   LIBCMT:chkstk.obj
 0001:0000d790       _get_printf_count_output   000000018000e790 f   LIBCMT:printf.obj
 0001:0000d7a8       _fputwc_nolock             000000018000e7a8 f   LIBCMT:fputwc.obj
 0001:0000d99c       _getbuf                    000000018000e99c f   LIBCMT:_getbuf.obj
 0001:0000d9f0       _ld12tod                   000000018000e9f0 f   LIBCMT:intrncvt.obj
 0001:0000dfa8       _ld12tof                   000000018000efa8 f   LIBCMT:intrncvt.obj
 0001:0000e560       __strgtold12_l             000000018000f560 f   LIBCMT:strgtold.obj
 0001:0000edc4       $I10_OUTPUT                000000018000fdc4 f   LIBCMT:x10fout.obj
 0001:0000f89c       _close                     000000018001089c f   LIBCMT:close.obj
 0001:0000f960       _close_nolock              0000000180010960 f   LIBCMT:close.obj
 0001:0000fa1c       __termconout               0000000180010a1c f   LIBCMT:initcon.obj
 0001:0000fa3c       __initconout               0000000180010a3c f   LIBCMT:initcon.obj
 0001:0000fa78       _wctomb_s_l                0000000180010a78 f   LIBCMT:wctomb.obj
 0001:0000fc04       wctomb_s                   0000000180010c04 f   LIBCMT:wctomb.obj
 0001:0000fc18       _flswbuf                   0000000180010c18 f   LIBCMT:_flswbuf.obj
 0001:0000fda8       __mtold12                  0000000180010da8 f   LIBCMT:mantold.obj
 0001:0000ffd0       RtlUnwindEx                0000000180010fd0 f   kernel32:KERNEL32.dll
 0001:0000ffd6       IsProcessorFeaturePresent  0000000180010fd6 f   kernel32:KERNEL32.dll
 0001:0000ffdc       __delayLoadHelper2         0000000180010fdc f   DelayImp:delayhlp.obj
 0002:00000000       __imp_GetModuleHandleA     0000000180012000     kernel32:KERNEL32.dll
 0002:00000008       __imp_GetStdHandle         0000000180012008     kernel32:KERNEL32.dll
 0002:00000010       __imp_GetFileType          0000000180012010     kernel32:KERNEL32.dll
 0002:00000018       __imp_GetModuleFileNameW   0000000180012018     kernel32:KERNEL32.dll
 0002:00000020       __imp_GetModuleHandleExW   0000000180012020     kernel32:KERNEL32.dll
 0002:00000028       __imp_WriteConsoleW        0000000180012028     kernel32:KERNEL32.dll
 0002:00000030       __imp_EncodePointer        0000000180012030     kernel32:KERNEL32.dll
 0002:00000038       __imp_DecodePointer        0000000180012038     kernel32:KERNEL32.dll
 0002:00000040       __imp_GetCommandLineA      0000000180012040     kernel32:KERNEL32.dll
 0002:00000048       __imp_GetCurrentThreadId   0000000180012048     kernel32:KERNEL32.dll
 0002:00000050       __imp_RtlPcToFileHeader    0000000180012050     kernel32:KERNEL32.dll
 0002:00000058       __imp_RaiseException       0000000180012058     kernel32:KERNEL32.dll
 0002:00000060       __imp_RtlLookupFunctionEntry 0000000180012060     kernel32:KERNEL32.dll
 0002:00000068       __imp_RtlUnwindEx          0000000180012068     kernel32:KERNEL32.dll
 0002:00000070       __imp_IsDebuggerPresent    0000000180012070     kernel32:KERNEL32.dll
 0002:00000078       __imp_IsProcessorFeaturePresent 0000000180012078     kernel32:KERNEL32.dll
 0002:00000080       __imp_GetLastError         0000000180012080     kernel32:KERNEL32.dll
 0002:00000088       __imp_ExitProcess          0000000180012088     kernel32:KERNEL32.dll
 0002:00000090       __imp_GetProcAddress       0000000180012090     kernel32:KERNEL32.dll
 0002:00000098       __imp_MultiByteToWideChar  0000000180012098     kernel32:KERNEL32.dll
 0002:000000a0       __imp_WideCharToMultiByte  00000001800120a0     kernel32:KERNEL32.dll
 0002:000000a8       __imp_EnterCriticalSection 00000001800120a8     kernel32:KERNEL32.dll
 0002:000000b0       __imp_LeaveCriticalSection 00000001800120b0     kernel32:KERNEL32.dll
 0002:000000b8       __imp_OutputDebugStringW   00000001800120b8     kernel32:KERNEL32.dll
 0002:000000c0       __imp_LoadLibraryExW       00000001800120c0     kernel32:KERNEL32.dll
 0002:000000c8       __imp_WriteFile            00000001800120c8     kernel32:KERNEL32.dll
 0002:000000d0       __imp_HeapSize             00000001800120d0     kernel32:KERNEL32.dll
 0002:000000d8       __imp_HeapFree             00000001800120d8     kernel32:KERNEL32.dll
 0002:000000e0       __imp_HeapAlloc            00000001800120e0     kernel32:KERNEL32.dll
 0002:000000e8       __imp_IsValidCodePage      00000001800120e8     kernel32:KERNEL32.dll
 0002:000000f0       __imp_GetACP               00000001800120f0     kernel32:KERNEL32.dll
 0002:000000f8       __imp_GetOEMCP             00000001800120f8     kernel32:KERNEL32.dll
 0002:00000100       __imp_GetCPInfo            0000000180012100     kernel32:KERNEL32.dll
 0002:00000108       __imp_SetLastError         0000000180012108     kernel32:KERNEL32.dll
 0002:00000110       __imp_GetProcessHeap       0000000180012110     kernel32:KERNEL32.dll
 0002:00000118       __imp_DeleteCriticalSection 0000000180012118     kernel32:KERNEL32.dll
 0002:00000120       __imp_GetStartupInfoW      0000000180012120     kernel32:KERNEL32.dll
 0002:00000128       __imp_GetModuleFileNameA   0000000180012128     kernel32:KERNEL32.dll
 0002:00000130       __imp_QueryPerformanceCounter 0000000180012130     kernel32:KERNEL32.dll
 0002:00000138       __imp_GetCurrentProcessId  0000000180012138     kernel32:KERNEL32.dll
 0002:00000140       __imp_GetSystemTimeAsFileTime 0000000180012140     kernel32:KERNEL32.dll
 0002:00000148       __imp_GetEnvironmentStringsW 0000000180012148     kernel32:KERNEL32.dll
 0002:00000150       __imp_FreeEnvironmentStringsW 0000000180012150     kernel32:KERNEL32.dll
 0002:00000158       __imp_RtlCaptureContext    0000000180012158     kernel32:KERNEL32.dll
 0002:00000160       __imp_RtlVirtualUnwind     0000000180012160     kernel32:KERNEL32.dll
 0002:00000168       __imp_UnhandledExceptionFilter 0000000180012168     kernel32:KERNEL32.dll
 0002:00000170       __imp_SetUnhandledExceptionFilter 0000000180012170     kernel32:KERNEL32.dll
 0002:00000178       __imp_InitializeCriticalSectionAndSpinCount 0000000180012178     kernel32:KERNEL32.dll
 0002:00000180       __imp_Sleep                0000000180012180     kernel32:KERNEL32.dll
 0002:00000188       __imp_GetCurrentProcess    0000000180012188     kernel32:KERNEL32.dll
 0002:00000190       __imp_TerminateProcess     0000000180012190     kernel32:KERNEL32.dll
 0002:00000198       __imp_TlsAlloc             0000000180012198     kernel32:KERNEL32.dll
 0002:000001a0       __imp_TlsGetValue          00000001800121a0     kernel32:KERNEL32.dll
 0002:000001a8       __imp_TlsSetValue          00000001800121a8     kernel32:KERNEL32.dll
 0002:000001b0       __imp_TlsFree              00000001800121b0     kernel32:KERNEL32.dll
 0002:000001b8       __imp_GetModuleHandleW     00000001800121b8     kernel32:KERNEL32.dll
 0002:000001c0       __imp_FreeLibrary          00000001800121c0     kernel32:KERNEL32.dll
 0002:000001c8       __imp_FlushFileBuffers     00000001800121c8     kernel32:KERNEL32.dll
 0002:000001d0       __imp_GetConsoleCP         00000001800121d0     kernel32:KERNEL32.dll
 0002:000001d8       __imp_GetConsoleMode       00000001800121d8     kernel32:KERNEL32.dll
 0002:000001e0       __imp_HeapReAlloc          00000001800121e0     kernel32:KERNEL32.dll
 0002:000001e8       __imp_LCMapStringW         00000001800121e8     kernel32:KERNEL32.dll
 0002:000001f0       __imp_GetStringTypeW       00000001800121f0     kernel32:KERNEL32.dll
 0002:000001f8       __imp_SetStdHandle         00000001800121f8     kernel32:KERNEL32.dll
 0002:00000200       __imp_SetFilePointerEx     0000000180012200     kernel32:KERNEL32.dll
 0002:00000208       __imp_CloseHandle          0000000180012208     kernel32:KERNEL32.dll
 0002:00000210       __imp_CreateFileW          0000000180012210     kernel32:KERNEL32.dll
 0002:00000218       __imp_LoadLibraryExA       0000000180012218     kernel32:KERNEL32.dll
 0002:00000220       \177KERNEL32_NULL_THUNK_DATA 0000000180012220     kernel32:KERNEL32.dll
 0002:00000228       __xc_a                     0000000180012228     LIBCMT:crt0init.obj
 0002:00000248       _register_weakref_         0000000180012248     weakref.obj
 0002:00000250       __xc_z                     0000000180012250     LIBCMT:crt0init.obj
 0002:00000258       __xi_a                     0000000180012258     LIBCMT:crt0init.obj
 0002:00000280       __xi_z                     0000000180012280     LIBCMT:crt0init.obj
 0002:00000288       __xp_a                     0000000180012288     LIBCMT:crt0init.obj
 0002:000002a8       __xp_z                     00000001800122a8     LIBCMT:crt0init.obj
 0002:000002b0       __xt_a                     00000001800122b0     LIBCMT:crt0init.obj
 0002:000002b8       __xt_z                     00000001800122b8     LIBCMT:crt0init.obj
 0002:00000300       __sz_node_exe              0000000180012300     node:node.exe
 0002:00000cb0       ??_C@_0BC@CIJDGCDI@permission?5denied?$AA@ 0000000180012cb0     libcpmt:syserror.obj
 0002:00000cc8       ??_C@_0M@MIDIAGJP@file?5exists?$AA@ 0000000180012cc8     libcpmt:syserror.obj
 0002:00000cd8       ??_C@_0P@FDINDDOK@no?5such?5device?$AA@ 0000000180012cd8     libcpmt:syserror.obj
 0002:00000ce8       ??_C@_0BC@EJHOMAAK@filename?5too?5long?$AA@ 0000000180012ce8     libcpmt:syserror.obj
 0002:00000d00       ??_C@_0BI@NGCEHDD@device?5or?5resource?5busy?$AA@ 0000000180012d00     libcpmt:syserror.obj
 0002:00000d18       ??_C@_08GLNPIFBN@io?5error?$AA@ 0000000180012d18     libcpmt:syserror.obj
 0002:00000d28       ??_C@_0BE@JIDOCPHM@directory?5not?5empty?$AA@ 0000000180012d28     libcpmt:syserror.obj
 0002:00000d40       ??_C@_0BB@FCMFBGOM@invalid?5argument?$AA@ 0000000180012d40     libcpmt:syserror.obj
 0002:00000d58       ??_C@_0BD@IJDJKDEA@no?5space?5on?5device?$AA@ 0000000180012d58     libcpmt:syserror.obj
 0002:00000d70       ??_C@_0BK@NDOCBPGE@no?5such?5file?5or?5directory?$AA@ 0000000180012d70     libcpmt:syserror.obj
 0002:00000d90       ??_C@_0BH@KEFGLDAF@function?5not?5supported?$AA@ 0000000180012d90     libcpmt:syserror.obj
 0002:00000da8       ??_C@_0BC@NJECKMKE@no?5lock?5available?$AA@ 0000000180012da8     libcpmt:syserror.obj
 0002:00000dc0       ??_C@_0BC@ENOOLCNF@not?5enough?5memory?$AA@ 0000000180012dc0     libcpmt:syserror.obj
 0002:00000dd8       ??_C@_0BP@LKNGHENJ@resource?5unavailable?5try?5again?$AA@ 0000000180012dd8     libcpmt:syserror.obj
 0002:00000df8       ??_C@_0BC@PPHBOELF@cross?5device?5link?$AA@ 0000000180012df8     libcpmt:syserror.obj
 0002:00000e10       ??_C@_0BD@MOLBPMEA@operation?5canceled?$AA@ 0000000180012e10     libcpmt:syserror.obj
 0002:00000e28       ??_C@_0BE@GHAFMPAH@too?5many?5files?5open?$AA@ 0000000180012e28     libcpmt:syserror.obj
 0002:00000e40       ??_C@_0BC@FNODOBAE@permission_denied?$AA@ 0000000180012e40     libcpmt:syserror.obj
 0002:00000e58       ??_C@_0P@LNDJPBFK@address_in_use?$AA@ 0000000180012e58     libcpmt:syserror.obj
 0002:00000e68       ??_C@_0BG@IPMGOJF@address_not_available?$AA@ 0000000180012e68     libcpmt:syserror.obj
 0002:00000e80       ??_C@_0BN@LCBDHODA@address_family_not_supported?$AA@ 0000000180012e80     libcpmt:syserror.obj
 0002:00000ea0       ??_C@_0BP@FOJJHMCC@connection_already_in_progress?$AA@ 0000000180012ea0     libcpmt:syserror.obj
 0002:00000ec0       ??_C@_0BE@DLHHIBGN@bad_file_descriptor?$AA@ 0000000180012ec0     libcpmt:syserror.obj
 0002:00000ed8       ??_C@_0BD@OJMJDIGI@connection_aborted?$AA@ 0000000180012ed8     libcpmt:syserror.obj
 0002:00000ef0       ??_C@_0BD@NGKCIFEP@connection_refused?$AA@ 0000000180012ef0     libcpmt:syserror.obj
 0002:00000f08       ??_C@_0BB@JOANDNCK@connection_reset?$AA@ 0000000180012f08     libcpmt:syserror.obj
 0002:00000f20       ??_C@_0BN@JLJNLKLK@destination_address_required?$AA@ 0000000180012f20     libcpmt:syserror.obj
 0002:00000f40       ??_C@_0M@IJGMGFGP@bad_address?$AA@ 0000000180012f40     libcpmt:syserror.obj
 0002:00000f50       ??_C@_0BB@KKNHPPIN@host_unreachable?$AA@ 0000000180012f50     libcpmt:syserror.obj
 0002:00000f68       ??_C@_0BG@DJGBJIIK@operation_in_progress?$AA@ 0000000180012f68     libcpmt:syserror.obj
 0002:00000f80       ??_C@_0M@EGEKIIMP@interrupted?$AA@ 0000000180012f80     libcpmt:syserror.obj
 0002:00000f90       ??_C@_0BB@FFIHMIPJ@invalid_argument?$AA@ 0000000180012f90     libcpmt:syserror.obj
 0002:00000fa8       ??_C@_0BC@FIFLCHLO@already_connected?$AA@ 0000000180012fa8     libcpmt:syserror.obj
 0002:00000fc0       ??_C@_0BE@GJJJJDDA@too_many_files_open?$AA@ 0000000180012fc0     libcpmt:syserror.obj
 0002:00000fd8       ??_C@_0N@HPMLKHPL@message_size?$AA@ 0000000180012fd8     libcpmt:syserror.obj
 0002:00000fe8       ??_C@_0BC@LEEIKBAL@filename_too_long?$AA@ 0000000180012fe8     libcpmt:syserror.obj
 0002:00001000       ??_C@_0N@FCPALPJK@network_down?$AA@ 0000000180013000     libcpmt:syserror.obj
 0002:00001010       ??_C@_0O@EHNDLHIG@network_reset?$AA@ 0000000180013010     libcpmt:syserror.obj
 0002:00001020       ??_C@_0BE@JFNJIDNF@network_unreachable?$AA@ 0000000180013020     libcpmt:syserror.obj
 0002:00001038       ??_C@_0BA@FDIJKJCL@no_buffer_space?$AA@ 0000000180013038     libcpmt:syserror.obj
 0002:00001048       ??_C@_0BD@JHIHCGKP@no_protocol_option?$AA@ 0000000180013048     libcpmt:syserror.obj
 0002:00001060       ??_C@_0O@GBCLHHD@not_connected?$AA@ 0000000180013060     libcpmt:syserror.obj
 0002:00001070       ??_C@_0N@IMHKKLEM@not_a_socket?$AA@ 0000000180013070     libcpmt:syserror.obj
 0002:00001080       ??_C@_0BI@ICEIDKLJ@operation_not_supported?$AA@ 0000000180013080     libcpmt:syserror.obj
 0002:00001098       ??_C@_0BH@KAPBAIJF@protocol_not_supported?$AA@ 0000000180013098     libcpmt:syserror.obj
 0002:000010b0       ??_C@_0BE@GAOJJFPC@wrong_protocol_type?$AA@ 00000001800130b0     libcpmt:syserror.obj
 0002:000010c8       ??_C@_09NCHNLHPG@timed_out?$AA@ 00000001800130c8     libcpmt:syserror.obj
 0002:000010d8       ??_C@_0BG@GDGHKFDH@operation_would_block?$AA@ 00000001800130d8     libcpmt:syserror.obj
 0002:000010f0       ??_C@_0BN@LKKBCCDB@address?5family?5not?5supported?$AA@ 00000001800130f0     libcpmt:syserror.obj
 0002:00001110       ??_C@_0P@LDMLAFHI@address?5in?5use?$AA@ 0000000180013110     libcpmt:syserror.obj
 0002:00001120       ??_C@_0BG@DHPCNBJB@address?5not?5available?$AA@ 0000000180013120     libcpmt:syserror.obj
 0002:00001138       ??_C@_0BC@DFIBIBIL@already?5connected?$AA@ 0000000180013138     libcpmt:syserror.obj
 0002:00001150       ??_C@_0BH@CAKOHOMI@argument?5list?5too?5long?$AA@ 0000000180013150     libcpmt:syserror.obj
 0002:00001168       ??_C@_0BH@CGIMPKIM@argument?5out?5of?5domain?$AA@ 0000000180013168     libcpmt:syserror.obj
 0002:00001180       ??_C@_0M@KGHGGJGL@bad?5address?$AA@ 0000000180013180     libcpmt:syserror.obj
 0002:00001190       ??_C@_0BE@MPJPGCEO@bad?5file?5descriptor?$AA@ 0000000180013190     libcpmt:syserror.obj
 0002:000011a8       ??_C@_0M@PMMIEFCP@bad?5message?$AA@ 00000001800131a8     libcpmt:syserror.obj
 0002:000011b8       ??_C@_0M@KPHOFDBE@broken?5pipe?$AA@ 00000001800131b8     libcpmt:syserror.obj
 0002:000011c8       ??_C@_0BD@MGNDDEGM@connection?5aborted?$AA@ 00000001800131c8     libcpmt:syserror.obj
 0002:000011e0       ??_C@_0BP@KAIHPOGN@connection?5already?5in?5progress?$AA@ 00000001800131e0     libcpmt:syserror.obj
 0002:00001200       ??_C@_0BD@PJLIIJEL@connection?5refused?$AA@ 0000000180013200     libcpmt:syserror.obj
 0002:00001218       ??_C@_0BB@IECNJNOI@connection?5reset?$AA@ 0000000180013218     libcpmt:syserror.obj
 0002:00001230       ??_C@_0BN@KDMIFEIP@destination?5address?5required?$AA@ 0000000180013230     libcpmt:syserror.obj
 0002:00001250       ??_C@_0BI@BNCLIGPB@executable?5format?5error?$AA@ 0000000180013250     libcpmt:syserror.obj
 0002:00001268       ??_C@_0P@DNAJLBJK@file?5too?5large?$AA@ 0000000180013268     libcpmt:syserror.obj
 0002:00001278       ??_C@_0BB@DHFDFGDM@host?5unreachable?$AA@ 0000000180013278     libcpmt:syserror.obj
 0002:00001290       ??_C@_0BD@JPHBMONG@identifier?5removed?$AA@ 0000000180013290     libcpmt:syserror.obj
 0002:000012a8       ??_C@_0BG@CDNPAGJK@illegal?5byte?5sequence?$AA@ 00000001800132a8     libcpmt:syserror.obj
 0002:000012c0       ??_C@_0CD@BNPLBMNA@inappropriate?5io?5control?5operati@ 00000001800132c0     libcpmt:syserror.obj
 0002:000012e8       ??_C@_0N@OHAFKDEK@invalid?5seek?$AA@ 00000001800132e8     libcpmt:syserror.obj
 0002:000012f8       ??_C@_0P@FLLDBIDK@is?5a?5directory?$AA@ 00000001800132f8     libcpmt:syserror.obj
 0002:00001308       ??_C@_0N@IFLPBIOP@message?5size?$AA@ 0000000180013308     libcpmt:syserror.obj
 0002:00001318       ??_C@_0N@KIIEAAIO@network?5down?$AA@ 0000000180013318     libcpmt:syserror.obj
 0002:00001328       ??_C@_0O@FNPDBHEE@network?5reset?$AA@ 0000000180013328     libcpmt:syserror.obj
 0002:00001338       ??_C@_0BE@IFNCKGE@network?5unreachable?$AA@ 0000000180013338     libcpmt:syserror.obj
 0002:00001350       ??_C@_0BA@PFFCAOFK@no?5buffer?5space?$AA@ 0000000180013350     libcpmt:syserror.obj
 0002:00001360       ??_C@_0BB@IEPBLJHK@no?5child?5process?$AA@ 0000000180013360     libcpmt:syserror.obj
 0002:00001378       ??_C@_07PLECNNKG@no?5link?$AA@ 0000000180013378     libcpmt:syserror.obj
 0002:00001380       ??_C@_0BF@PBGGPKKE@no?5message?5available?$AA@ 0000000180013380     libcpmt:syserror.obj
 0002:00001398       ??_C@_0L@EDOLMPAK@no?5message?$AA@ 0000000180013398     libcpmt:syserror.obj
 0002:000013a8       ??_C@_0BD@EAMBFIDF@no?5protocol?5option?$AA@ 00000001800133a8     libcpmt:syserror.obj
 0002:000013c0       ??_C@_0BE@MKFDAFMP@no?5stream?5resources?$AA@ 00000001800133c0     libcpmt:syserror.obj
 0002:000013d8       ??_C@_0BK@IMCPHCBI@no?5such?5device?5or?5address?$AA@ 00000001800133d8     libcpmt:syserror.obj
 0002:000013f8       ??_C@_0BA@ENLPPKBN@no?5such?5process?$AA@ 00000001800133f8     libcpmt:syserror.obj
 0002:00001408       ??_C@_0BA@DOCPFFJG@not?5a?5directory?$AA@ 0000000180013408     libcpmt:syserror.obj
 0002:00001418       ??_C@_0N@POEIPGGF@not?5a?5socket?$AA@ 0000000180013418     libcpmt:syserror.obj
 0002:00001428       ??_C@_0N@LGAPMMPI@not?5a?5stream?$AA@ 0000000180013428     libcpmt:syserror.obj
 0002:00001438       ??_C@_0O@GLMIBBEG@not?5connected?$AA@ 0000000180013438     libcpmt:syserror.obj
 0002:00001448       ??_C@_0O@NHEDABJP@not?5supported?$AA@ 0000000180013448     libcpmt:syserror.obj
 0002:00001458       ??_C@_0BG@KDKHOPCO@operation?5in?5progress?$AA@ 0000000180013458     libcpmt:syserror.obj
 0002:00001470       ??_C@_0BI@OHIEJAAB@operation?5not?5permitted?$AA@ 0000000180013470     libcpmt:syserror.obj
 0002:00001488       ??_C@_0BI@LNEGIFLN@operation?5not?5supported?$AA@ 0000000180013488     libcpmt:syserror.obj
 0002:000014a0       ??_C@_0BG@OEMDKMEE@operation?5would?5block?$AA@ 00000001800134a0     libcpmt:syserror.obj
 0002:000014b8       ??_C@_0L@BLPOFLNJ@owner?5dead?$AA@ 00000001800134b8     libcpmt:syserror.obj
 0002:000014c8       ??_C@_0P@FNPOCJBE@protocol?5error?$AA@ 00000001800134c8     libcpmt:syserror.obj
 0002:000014d8       ??_C@_0BH@JPPPLHJB@protocol?5not?5supported?$AA@ 00000001800134d8     libcpmt:syserror.obj
 0002:000014f0       ??_C@_0BG@EICBIHDP@read?5only?5file?5system?$AA@ 00000001800134f0     libcpmt:syserror.obj
 0002:00001508       ??_C@_0BO@BJBOMOEJ@resource?5deadlock?5would?5occur?$AA@ 0000000180013508     libcpmt:syserror.obj
 0002:00001528       ??_C@_0BE@GOIPJJHG@result?5out?5of?5range?$AA@ 0000000180013528     libcpmt:syserror.obj
 0002:00001540       ??_C@_0BG@MPLKFPAE@state?5not?5recoverable?$AA@ 0000000180013540     libcpmt:syserror.obj
 0002:00001558       ??_C@_0P@DIIFGFCG@stream?5timeout?$AA@ 0000000180013558     libcpmt:syserror.obj
 0002:00001568       ??_C@_0P@IPFDMIFL@text?5file?5busy?$AA@ 0000000180013568     libcpmt:syserror.obj
 0002:00001578       ??_C@_09KJPPMAOI@timed?5out?$AA@ 0000000180013578     libcpmt:syserror.obj
 0002:00001588       ??_C@_0BO@HACHBEKI@too?5many?5files?5open?5in?5system?$AA@ 0000000180013588     libcpmt:syserror.obj
 0002:000015a8       ??_C@_0P@HCOMKFCC@too?5many?5links?$AA@ 00000001800135a8     libcpmt:syserror.obj
 0002:000015b8       ??_C@_0BO@EFGOJEF@too?5many?5symbolic?5link?5levels?$AA@ 00000001800135b8     libcpmt:syserror.obj
 0002:000015d8       ??_C@_0BA@KGKGOOJA@value?5too?5large?$AA@ 00000001800135d8     libcpmt:syserror.obj
 0002:000015e8       ??_C@_0BE@MIEJDDNH@wrong?5protocol?5type?$AA@ 00000001800135e8     libcpmt:syserror.obj
 0002:00001608       ??_7bad_alloc@std@@6B@     0000000180013608     libcpmt:xthrow.obj
 0002:00001618       ??_C@_0P@GHFPNOJB@bad?5allocation?$AA@ 0000000180013618     libcpmt:xthrow.obj
 0002:00001628       ??_C@_17LGKOMLJ@?$AA?4?$AA?4?$AA?4?$AA?$AA@ 0000000180013628     LIBCMT:wassert.obj
 0002:00001630       ??_C@_13LBAGMAIH@?$AA?6?$AA?$AA@ 0000000180013630     LIBCMT:wassert.obj
 0002:00001634       ??_C@_15IABLJNFO@?$AA?6?$AA?6?$AA?$AA@ 0000000180013634     LIBCMT:wassert.obj
 0002:00001640       ??_C@_1CE@OJBNHDMO@?$AAA?$AAs?$AAs?$AAe?$AAr?$AAt?$AAi?$AAo?$AAn?$AA?5?$AAf?$AAa?$AAi?$AAl?$AAe?$AAd?$AA?$CB?$AA?$AA@ 0000000180013640     LIBCMT:wassert.obj
 0002:00001668       ??_C@_1BE@PHKBBGE@?$AAP?$AAr?$AAo?$AAg?$AAr?$AAa?$AAm?$AA?3?$AA?5?$AA?$AA@ 0000000180013668     LIBCMT:wassert.obj
 0002:00001680       ??_C@_1CO@EAEJAADC@?$AA?$DM?$AAp?$AAr?$AAo?$AAg?$AAr?$AAa?$AAm?$AA?5?$AAn?$AAa?$AAm?$AAe?$AA?5?$AAu?$AAn?$AAk?$AAn?$AAo?$AAw?$AAn?$AA?$DO?$AA?$AA@ 0000000180013680     LIBCMT:wassert.obj
 0002:000016b0       ??_C@_1O@HEMHKNDC@?$AAF?$AAi?$AAl?$AAe?$AA?3?$AA?5?$AA?$AA@ 00000001800136b0     LIBCMT:wassert.obj
 0002:000016c0       ??_C@_1O@KCAFKHJE@?$AAL?$AAi?$AAn?$AAe?$AA?3?$AA?5?$AA?$AA@ 00000001800136c0     LIBCMT:wassert.obj
 0002:000016d0       ??_C@_1BK@PEDCIPMA@?$AAE?$AAx?$AAp?$AAr?$AAe?$AAs?$AAs?$AAi?$AAo?$AAn?$AA?3?$AA?5?$AA?$AA@ 00000001800136d0     LIBCMT:wassert.obj
 0002:000016f0       ??_C@_1OA@EGMLFBHJ@?$AAF?$AAo?$AAr?$AA?5?$AAi?$AAn?$AAf?$AAo?$AAr?$AAm?$AAa?$AAt?$AAi?$AAo?$AAn?$AA?5?$AAo?$AAn?$AA?5?$AAh?$AAo?$AAw?$AA?5?$AAy?$AAo?$AAu?$AAr?$AA?5?$AAp?$AAr?$AAo?$AAg@ 00000001800136f0     LIBCMT:wassert.obj
 0002:000017d0       ??_C@_1HK@POCJMFGK@?$AA?$CI?$AAP?$AAr?$AAe?$AAs?$AAs?$AA?5?$AAR?$AAe?$AAt?$AAr?$AAy?$AA?5?$AAt?$AAo?$AA?5?$AAd?$AAe?$AAb?$AAu?$AAg?$AA?5?$AAt?$AAh?$AAe?$AA?5?$AAa?$AAp?$AAp?$AAl?$AAi?$AAc@ 00000001800137d0     LIBCMT:wassert.obj
 0002:00001850       ??_C@_1EK@MBDPDCGA@?$AAM?$AAi?$AAc?$AAr?$AAo?$AAs?$AAo?$AAf?$AAt?$AA?5?$AAV?$AAi?$AAs?$AAu?$AAa?$AAl?$AA?5?$AAC?$AA?$CL?$AA?$CL?$AA?5?$AAR?$AAu?$AAn?$AAt?$AAi?$AAm?$AAe?$AA?5?$AAL?$AAi?$AAb@ 0000000180013850     LIBCMT:wassert.obj
 0002:0000189c       ??_C@_06MEIMCGCF@_hypot?$AA@ 000000018001389c     LIBCMT:hypot.obj
 0002:000018a8       _pDefaultRawDllMain        00000001800138a8     LIBCMT:dllcrt0.obj
 0002:000018a8       _pRawDllMain               00000001800138a8     LIBCMT:dllcrt0.obj
 0002:000018f8       ??_7type_info@@6B@         00000001800138f8     LIBCMT:typinfo.obj
 0002:00001900       _FPinit                    0000000180013900     LIBCMT:fpinit.obj
 0002:00001910       ??_7exception@std@@6B@     0000000180013910     LIBCMT:stdexcpt.obj
 0002:00001920       ??_C@_0BC@EOODALEL@Unknown?5exception?$AA@ 0000000180013920     LIBCMT:stdexcpt.obj
 0002:00001948       ??_C@_1BI@BGOHAHKC@?$AAm?$AAs?$AAc?$AAo?$AAr?$AAe?$AAe?$AA?4?$AAd?$AAl?$AAl?$AA?$AA@ 0000000180013948     LIBCMT:crt0dat.obj
 0002:00001960       ??_C@_0P@MIGLKIOC@CorExitProcess?$AA@ 0000000180013960     LIBCMT:crt0dat.obj
 0002:00001970       ??_C@_1BG@GOEBHBDC@?$AAU?$AAS?$AAE?$AAR?$AA3?$AA2?$AA?4?$AAD?$AAL?$AAL?$AA?$AA@ 0000000180013970     LIBCMT:crtmboxw.obj
 0002:00001988       ??_C@_0M@DLDCCGNP@MessageBoxW?$AA@ 0000000180013988     LIBCMT:crtmboxw.obj
 0002:00001998       ??_C@_0BA@HNOPNCHB@GetActiveWindow?$AA@ 0000000180013998     LIBCMT:crtmboxw.obj
 0002:000019a8       ??_C@_0BD@HHGDFDBJ@GetLastActivePopup?$AA@ 00000001800139a8     LIBCMT:crtmboxw.obj
 0002:000019c0       ??_C@_0BK@DEKFELLI@GetUserObjectInformationW?$AA@ 00000001800139c0     LIBCMT:crtmboxw.obj
 0002:000019e0       ??_C@_0BI@DFKBFLJE@GetProcessWindowStation?$AA@ 00000001800139e0     LIBCMT:crtmboxw.obj
 0002:00001b70       ??_C@_1FK@PGACCAFB@?$AAR?$AA6?$AA0?$AA0?$AA2?$AA?$AN?$AA?6?$AA?9?$AA?5?$AAf?$AAl?$AAo?$AAa?$AAt?$AAi?$AAn?$AAg?$AA?5?$AAp?$AAo?$AAi?$AAn?$AAt?$AA?5?$AAs?$AAu?$AAp?$AAp?$AAo?$AAr?$AAt?$AA?5@ 0000000180013b70     LIBCMT:crt0msg.obj
 0002:00001bd0       ??_C@_1FE@LLNEDJMD@?$AAR?$AA6?$AA0?$AA0?$AA8?$AA?$AN?$AA?6?$AA?9?$AA?5?$AAn?$AAo?$AAt?$AA?5?$AAe?$AAn?$AAo?$AAu?$AAg?$AAh?$AA?5?$AAs?$AAp?$AAa?$AAc?$AAe?$AA?5?$AAf?$AAo?$AAr?$AA?5?$AAa?$AAr@ 0000000180013bd0     LIBCMT:crt0msg.obj
 0002:00001c30       ??_C@_1FI@HONFMGBI@?$AAR?$AA6?$AA0?$AA0?$AA9?$AA?$AN?$AA?6?$AA?9?$AA?5?$AAn?$AAo?$AAt?$AA?5?$AAe?$AAn?$AAo?$AAu?$AAg?$AAh?$AA?5?$AAs?$AAp?$AAa?$AAc?$AAe?$AA?5?$AAf?$AAo?$AAr?$AA?5?$AAe?$AAn@ 0000000180013c30     LIBCMT:crt0msg.obj
 0002:00001c90       ??_C@_1EG@BEHAGFJD@?$AAR?$AA6?$AA0?$AA1?$AA0?$AA?$AN?$AA?6?$AA?9?$AA?5?$AAa?$AAb?$AAo?$AAr?$AAt?$AA?$CI?$AA?$CJ?$AA?5?$AAh?$AAa?$AAs?$AA?5?$AAb?$AAe?$AAe?$AAn?$AA?5?$AAc?$AAa?$AAl?$AAl?$AAe?$AAd@ 0000000180013c90     LIBCMT:crt0msg.obj
 0002:00001ce0       ??_C@_1FI@LOGNIKDM@?$AAR?$AA6?$AA0?$AA1?$AA6?$AA?$AN?$AA?6?$AA?9?$AA?5?$AAn?$AAo?$AAt?$AA?5?$AAe?$AAn?$AAo?$AAu?$AAg?$AAh?$AA?5?$AAs?$AAp?$AAa?$AAc?$AAe?$AA?5?$AAf?$AAo?$AAr?$AA?5?$AAt?$AAh@ 0000000180013ce0     LIBCMT:crt0msg.obj
 0002:00001d40       ??_C@_1FK@BEOGODMC@?$AAR?$AA6?$AA0?$AA1?$AA7?$AA?$AN?$AA?6?$AA?9?$AA?5?$AAu?$AAn?$AAe?$AAx?$AAp?$AAe?$AAc?$AAt?$AAe?$AAd?$AA?5?$AAm?$AAu?$AAl?$AAt?$AAi?$AAt?$AAh?$AAr?$AAe?$AAa?$AAd?$AA?5@ 0000000180013d40     LIBCMT:crt0msg.obj
 0002:00001da0       ??_C@_1EC@JIBHAOPH@?$AAR?$AA6?$AA0?$AA1?$AA8?$AA?$AN?$AA?6?$AA?9?$AA?5?$AAu?$AAn?$AAe?$AAx?$AAp?$AAe?$AAc?$AAt?$AAe?$AAd?$AA?5?$AAh?$AAe?$AAa?$AAp?$AA?5?$AAe?$AAr?$AAr?$AAo?$AAr?$AA?$AN?$AA?6@ 0000000180013da0     LIBCMT:crt0msg.obj
 0002:00001df0       ??_C@_1FC@ECHBIFBC@?$AAR?$AA6?$AA0?$AA1?$AA9?$AA?$AN?$AA?6?$AA?9?$AA?5?$AAu?$AAn?$AAa?$AAb?$AAl?$AAe?$AA?5?$AAt?$AAo?$AA?5?$AAo?$AAp?$AAe?$AAn?$AA?5?$AAc?$AAo?$AAn?$AAs?$AAo?$AAl?$AAe?$AA?5@ 0000000180013df0     LIBCMT:crt0msg.obj
 0002:00001e50       ??_C@_1GK@FHCKBEFA@?$AAR?$AA6?$AA0?$AA2?$AA4?$AA?$AN?$AA?6?$AA?9?$AA?5?$AAn?$AAo?$AAt?$AA?5?$AAe?$AAn?$AAo?$AAu?$AAg?$AAh?$AA?5?$AAs?$AAp?$AAa?$AAc?$AAe?$AA?5?$AAf?$AAo?$AAr?$AA?5?$AA_?$AAo@ 0000000180013e50     LIBCMT:crt0msg.obj
 0002:00001ec0       ??_C@_1EM@MAADIHMB@?$AAR?$AA6?$AA0?$AA2?$AA5?$AA?$AN?$AA?6?$AA?9?$AA?5?$AAp?$AAu?$AAr?$AAe?$AA?5?$AAv?$AAi?$AAr?$AAt?$AAu?$AAa?$AAl?$AA?5?$AAf?$AAu?$AAn?$AAc?$AAt?$AAi?$AAo?$AAn?$AA?5?$AAc@ 0000000180013ec0     LIBCMT:crt0msg.obj
 0002:00001f10       ??_C@_1GK@MCAAGJMO@?$AAR?$AA6?$AA0?$AA2?$AA6?$AA?$AN?$AA?6?$AA?9?$AA?5?$AAn?$AAo?$AAt?$AA?5?$AAe?$AAn?$AAo?$AAu?$AAg?$AAh?$AA?5?$AAs?$AAp?$AAa?$AAc?$AAe?$AA?5?$AAf?$AAo?$AAr?$AA?5?$AAs?$AAt@ 0000000180013f10     LIBCMT:crt0msg.obj
 0002:00001f80       ??_C@_1GK@MFGOKLAG@?$AAR?$AA6?$AA0?$AA2?$AA7?$AA?$AN?$AA?6?$AA?9?$AA?5?$AAn?$AAo?$AAt?$AA?5?$AAe?$AAn?$AAo?$AAu?$AAg?$AAh?$AA?5?$AAs?$AAp?$AAa?$AAc?$AAe?$AA?5?$AAf?$AAo?$AAr?$AA?5?$AAl?$AAo@ 0000000180013f80     LIBCMT:crt0msg.obj
 0002:00001ff0       ??_C@_1EK@HHFLMAOL@?$AAR?$AA6?$AA0?$AA2?$AA8?$AA?$AN?$AA?6?$AA?9?$AA?5?$AAu?$AAn?$AAa?$AAb?$AAl?$AAe?$AA?5?$AAt?$AAo?$AA?5?$AAi?$AAn?$AAi?$AAt?$AAi?$AAa?$AAl?$AAi?$AAz?$AAe?$AA?5?$AAh?$AAe@ 0000000180013ff0     LIBCMT:crt0msg.obj
 0002:00002040       ??_C@_1DO@BMFCDCD@?$AAR?$AA6?$AA0?$AA3?$AA0?$AA?$AN?$AA?6?$AA?9?$AA?5?$AAC?$AAR?$AAT?$AA?5?$AAn?$AAo?$AAt?$AA?5?$AAi?$AAn?$AAi?$AAt?$AAi?$AAa?$AAl?$AAi?$AAz?$AAe?$AAd?$AA?$AN?$AA?6?$AA?$AA@ 0000000180014040     LIBCMT:crt0msg.obj
 0002:00002080       ??_C@_1MG@ENCOOIDF@?$AAR?$AA6?$AA0?$AA3?$AA1?$AA?$AN?$AA?6?$AA?9?$AA?5?$AAA?$AAt?$AAt?$AAe?$AAm?$AAp?$AAt?$AA?5?$AAt?$AAo?$AA?5?$AAi?$AAn?$AAi?$AAt?$AAi?$AAa?$AAl?$AAi?$AAz?$AAe?$AA?5?$AAt@ 0000000180014080     LIBCMT:crt0msg.obj
 0002:00002150       ??_C@_1GG@GOPILAJP@?$AAR?$AA6?$AA0?$AA3?$AA2?$AA?$AN?$AA?6?$AA?9?$AA?5?$AAn?$AAo?$AAt?$AA?5?$AAe?$AAn?$AAo?$AAu?$AAg?$AAh?$AA?5?$AAs?$AAp?$AAa?$AAc?$AAe?$AA?5?$AAf?$AAo?$AAr?$AA?5?$AAl?$AAo@ 0000000180014150     LIBCMT:crt0msg.obj
 0002:000021c0       ??_C@_1BOO@KGEDBGAJ@?$AAR?$AA6?$AA0?$AA3?$AA3?$AA?$AN?$AA?6?$AA?9?$AA?5?$AAA?$AAt?$AAt?$AAe?$AAm?$AAp?$AAt?$AA?5?$AAt?$AAo?$AA?5?$AAu?$AAs?$AAe?$AA?5?$AAM?$AAS?$AAI?$AAL?$AA?5?$AAc?$AAo?$AAd@ 00000001800141c0     LIBCMT:crt0msg.obj
 0002:000023b0       ??_C@_1GG@MKFPEKFO@?$AAR?$AA6?$AA0?$AA3?$AA4?$AA?$AN?$AA?6?$AA?9?$AA?5?$AAi?$AAn?$AAc?$AAo?$AAn?$AAs?$AAi?$AAs?$AAt?$AAe?$AAn?$AAt?$AA?5?$AAo?$AAn?$AAe?$AAx?$AAi?$AAt?$AA?5?$AAb?$AAe?$AAg@ 00000001800143b0     LIBCMT:crt0msg.obj
 0002:00002418       ??_C@_1BO@BFCDCGC@?$AAD?$AAO?$AAM?$AAA?$AAI?$AAN?$AA?5?$AAe?$AAr?$AAr?$AAo?$AAr?$AA?$AN?$AA?6?$AA?$AA@ 0000000180014418     LIBCMT:crt0msg.obj
 0002:00002438       ??_C@_1BK@KMOMNAAI@?$AAS?$AAI?$AAN?$AAG?$AA?5?$AAe?$AAr?$AAr?$AAo?$AAr?$AA?$AN?$AA?6?$AA?$AA@ 0000000180014438     LIBCMT:crt0msg.obj
 0002:00002458       ??_C@_1BM@JBBEPPHI@?$AAT?$AAL?$AAO?$AAS?$AAS?$AA?5?$AAe?$AAr?$AAr?$AAo?$AAr?$AA?$AN?$AA?6?$AA?$AA@ 0000000180014458     LIBCMT:crt0msg.obj
 0002:00002474       ??_C@_15JNBOKNOG@?$AA?$AN?$AA?6?$AA?$AA@ 0000000180014474     LIBCMT:crt0msg.obj
 0002:00002480       ??_C@_1BO@BKOMIGKJ@?$AAr?$AAu?$AAn?$AAt?$AAi?$AAm?$AAe?$AA?5?$AAe?$AAr?$AAr?$AAo?$AAr?$AA?5?$AA?$AA@ 0000000180014480     LIBCMT:crt0msg.obj
 0002:000024a0       ??_C@_1DE@JNGNBFGO@?$AAR?$AAu?$AAn?$AAt?$AAi?$AAm?$AAe?$AA?5?$AAE?$AAr?$AAr?$AAo?$AAr?$AA?$CB?$AA?6?$AA?6?$AAP?$AAr?$AAo?$AAg?$AAr?$AAa?$AAm?$AA?3?$AA?5?$AA?$AA@ 00000001800144a0     LIBCMT:crt0msg.obj
 0002:000024f8       ??_C@_1M@HPNHIDJI@?$AAj?$AAa?$AA?9?$AAJ?$AAP?$AA?$AA@ 00000001800144f8     LIBCMT:mbctype.obj
 0002:00002508       ??_C@_1M@BIBDDEMK@?$AAz?$AAh?$AA?9?$AAC?$AAN?$AA?$AA@ 0000000180014508     LIBCMT:mbctype.obj
 0002:00002518       ??_C@_1M@JLOOOEGK@?$AAk?$AAo?$AA?9?$AAK?$AAR?$AA?$AA@ 0000000180014518     LIBCMT:mbctype.obj
 0002:00002528       ??_C@_1M@CLNBBOPM@?$AAz?$AAh?$AA?9?$AAT?$AAW?$AA?$AA@ 0000000180014528     LIBCMT:mbctype.obj
 0002:00002534       ??_C@_03KOEHGMDN@Sun?$AA@  0000000180014534     LIBCMT:nlsdata.obj
 0002:00002538       ??_C@_03PDAGKDH@Mon?$AA@   0000000180014538     LIBCMT:nlsdata.obj
 0002:0000253c       ??_C@_03NAGEINEP@Tue?$AA@  000000018001453c     LIBCMT:nlsdata.obj
 0002:00002540       ??_C@_03MHOMLAJA@Wed?$AA@  0000000180014540     LIBCMT:nlsdata.obj
 0002:00002544       ??_C@_03IOFIKPDN@Thu?$AA@  0000000180014544     LIBCMT:nlsdata.obj
 0002:00002548       ??_C@_03IDIOELNC@Fri?$AA@  0000000180014548     LIBCMT:nlsdata.obj
 0002:0000254c       ??_C@_03FEFJNEK@Sat?$AA@   000000018001454c     LIBCMT:nlsdata.obj
 0002:00002550       ??_C@_06OOPIFAJ@Sunday?$AA@ 0000000180014550     LIBCMT:nlsdata.obj
 0002:00002558       ??_C@_06JLEDEDGH@Monday?$AA@ 0000000180014558     LIBCMT:nlsdata.obj
 0002:00002560       ??_C@_07BAAGCFCM@Tuesday?$AA@ 0000000180014560     LIBCMT:nlsdata.obj
 0002:00002568       ??_C@_09DLIGFAKA@Wednesday?$AA@ 0000000180014568     LIBCMT:nlsdata.obj
 0002:00002578       ??_C@_08HACCIKIA@Thursday?$AA@ 0000000180014578     LIBCMT:nlsdata.obj
 0002:00002584       ??_C@_06JECMNKMI@Friday?$AA@ 0000000180014584     LIBCMT:nlsdata.obj
 0002:00002590       ??_C@_08INBOOONO@Saturday?$AA@ 0000000180014590     LIBCMT:nlsdata.obj
 0002:0000259c       ??_C@_03JIHJHPIE@Jan?$AA@  000000018001459c     LIBCMT:nlsdata.obj
 0002:000025a0       ??_C@_03HJBDCHOM@Feb?$AA@  00000001800145a0     LIBCMT:nlsdata.obj
 0002:000025a4       ??_C@_03ODNJBKGA@Mar?$AA@  00000001800145a4     LIBCMT:nlsdata.obj
 0002:000025a8       ??_C@_03LEOLGMJP@Apr?$AA@  00000001800145a8     LIBCMT:nlsdata.obj
 0002:000025ac       ??_C@_03CNMDKL@May?$AA@    00000001800145ac     LIBCMT:nlsdata.obj
 0002:000025b0       ??_C@_03IDFGHECI@Jun?$AA@  00000001800145b0     LIBCMT:nlsdata.obj
 0002:000025b4       ??_C@_03LBGABGKK@Jul?$AA@  00000001800145b4     LIBCMT:nlsdata.obj
 0002:000025b8       ??_C@_03IFJFEIGA@Aug?$AA@  00000001800145b8     LIBCMT:nlsdata.obj
 0002:000025bc       ??_C@_03GGCAPAJC@Sep?$AA@  00000001800145bc     LIBCMT:nlsdata.obj
 0002:000025c0       ??_C@_03BMAOKBAD@Oct?$AA@  00000001800145c0     LIBCMT:nlsdata.obj
 0002:000025c4       ??_C@_03JPJOFNIA@Nov?$AA@  00000001800145c4     LIBCMT:nlsdata.obj
 0002:000025c8       ??_C@_03MKABNOCG@Dec?$AA@  00000001800145c8     LIBCMT:nlsdata.obj
 0002:000025d0       ??_C@_07CGJPFGJA@January?$AA@ 00000001800145d0     LIBCMT:nlsdata.obj
 0002:000025d8       ??_C@_08GNJGEPFN@February?$AA@ 00000001800145d8     LIBCMT:nlsdata.obj
 0002:000025e4       ??_C@_05HPCKOFNC@March?$AA@ 00000001800145e4     LIBCMT:nlsdata.obj
 0002:000025ec       ??_C@_05DMJDNLEJ@April?$AA@ 00000001800145ec     LIBCMT:nlsdata.obj
 0002:000025f4       ??_C@_04CNLMGBGM@June?$AA@ 00000001800145f4     LIBCMT:nlsdata.obj
 0002:000025fc       ??_C@_04MIEPOIFP@July?$AA@ 00000001800145fc     LIBCMT:nlsdata.obj
 0002:00002604       ??_C@_06LBBHFDDG@August?$AA@ 0000000180014604     LIBCMT:nlsdata.obj
 0002:00002610       ??_C@_09BHHEALKD@September?$AA@ 0000000180014610     LIBCMT:nlsdata.obj
 0002:00002620       ??_C@_07JJNFCEND@October?$AA@ 0000000180014620     LIBCMT:nlsdata.obj
 0002:00002628       ??_C@_08HCHEGEOA@November?$AA@ 0000000180014628     LIBCMT:nlsdata.obj
 0002:00002638       ??_C@_08EDHMEBNP@December?$AA@ 0000000180014638     LIBCMT:nlsdata.obj
 0002:00002644       ??_C@_02DEDBPAFC@AM?$AA@   0000000180014644     LIBCMT:nlsdata.obj
 0002:00002648       ??_C@_02CJNFDJBF@PM?$AA@   0000000180014648     LIBCMT:nlsdata.obj
 0002:00002650       ??_C@_08BPBNCDIB@MM?1dd?1yy?$AA@ 0000000180014650     LIBCMT:nlsdata.obj
 0002:00002660       ??_C@_0BE@CKGJFCPC@dddd?0?5MMMM?5dd?0?5yyyy?$AA@ 0000000180014660     LIBCMT:nlsdata.obj
 0002:00002678       ??_C@_08JCCMCCIL@HH?3mm?3ss?$AA@ 0000000180014678     LIBCMT:nlsdata.obj
 0002:00002688       ??_C@_17MBGCMIPB@?$AAS?$AAu?$AAn?$AA?$AA@ 0000000180014688     LIBCMT:nlsdata.obj
 0002:00002690       ??_C@_17KBOMKBF@?$AAM?$AAo?$AAn?$AA?$AA@ 0000000180014690     LIBCMT:nlsdata.obj
 0002:00002698       ??_C@_17BMKGEGOJ@?$AAT?$AAu?$AAe?$AA?$AA@ 0000000180014698     LIBCMT:nlsdata.obj
 0002:000026a0       ??_C@_17CJEDCEPE@?$AAW?$AAe?$AAd?$AA?$AA@ 00000001800146a0     LIBCMT:nlsdata.obj
 0002:000026a8       ??_C@_17PDPHAADD@?$AAT?$AAh?$AAu?$AA?$AA@ 00000001800146a8     LIBCMT:nlsdata.obj
 0002:000026b0       ??_C@_17HFOLPPLP@?$AAF?$AAr?$AAi?$AA?$AA@ 00000001800146b0     LIBCMT:nlsdata.obj
 0002:000026b8       ??_C@_17GGIBDPIH@?$AAS?$AAa?$AAt?$AA?$AA@ 00000001800146b8     LIBCMT:nlsdata.obj
 0002:000026c0       ??_C@_1O@IHNHDHPB@?$AAS?$AAu?$AAn?$AAd?$AAa?$AAy?$AA?$AA@ 00000001800146c0     LIBCMT:nlsdata.obj
 0002:000026d0       ??_C@_1O@MMNBFLIA@?$AAM?$AAo?$AAn?$AAd?$AAa?$AAy?$AA?$AA@ 00000001800146d0     LIBCMT:nlsdata.obj
 0002:000026e0       ??_C@_1BA@ENFBFFEK@?$AAT?$AAu?$AAe?$AAs?$AAd?$AAa?$AAy?$AA?$AA@ 00000001800146e0     LIBCMT:nlsdata.obj
 0002:000026f0       ??_C@_1BE@EBOGMDOH@?$AAW?$AAe?$AAd?$AAn?$AAe?$AAs?$AAd?$AAa?$AAy?$AA?$AA@ 00000001800146f0     LIBCMT:nlsdata.obj
 0002:00002708       ??_C@_1BC@HHMNLIHE@?$AAT?$AAh?$AAu?$AAr?$AAs?$AAd?$AAa?$AAy?$AA?$AA@ 0000000180014708     LIBCMT:nlsdata.obj
 0002:00002720       ??_C@_1O@PDICJHAG@?$AAF?$AAr?$AAi?$AAd?$AAa?$AAy?$AA?$AA@ 0000000180014720     LIBCMT:nlsdata.obj
 0002:00002730       ??_C@_1BC@ENMNNPAJ@?$AAS?$AAa?$AAt?$AAu?$AAr?$AAd?$AAa?$AAy?$AA?$AA@ 0000000180014730     LIBCMT:nlsdata.obj
 0002:00002748       ??_C@_17DKNBKCHM@?$AAJ?$AAa?$AAn?$AA?$AA@ 0000000180014748     LIBCMT:nlsdata.obj
 0002:00002750       ??_C@_17LMDJEKJN@?$AAF?$AAe?$AAb?$AA?$AA@ 0000000180014750     LIBCMT:nlsdata.obj
 0002:00002758       ??_C@_17CKNLEDEC@?$AAM?$AAa?$AAr?$AA?$AA@ 0000000180014758     LIBCMT:nlsdata.obj
 0002:00002760       ??_C@_17LFPOIHDD@?$AAA?$AAp?$AAr?$AA?$AA@ 0000000180014760     LIBCMT:nlsdata.obj
 0002:00002768       ??_C@_17PNNKMEED@?$AAM?$AAa?$AAy?$AA?$AA@ 0000000180014768     LIBCMT:nlsdata.obj
 0002:00002770       ??_C@_17KCJGOCPB@?$AAJ?$AAu?$AAn?$AA?$AA@ 0000000180014770     LIBCMT:nlsdata.obj
 0002:00002778       ??_C@_17IJPCKHK@?$AAJ?$AAu?$AAl?$AA?$AA@ 0000000180014778     LIBCMT:nlsdata.obj
 0002:00002780       ??_C@_17ICPELBCN@?$AAA?$AAu?$AAg?$AA?$AA@ 0000000180014780     LIBCMT:nlsdata.obj
 0002:00002788       ??_C@_17HCHCOKMG@?$AAS?$AAe?$AAp?$AA?$AA@ 0000000180014788     LIBCMT:nlsdata.obj
 0002:00002790       ??_C@_17FNLKOI@?$AAO?$AAc?$AAt?$AA?$AA@ 0000000180014790     LIBCMT:nlsdata.obj
 0002:00002798       ??_C@_17BBDMLCIG@?$AAN?$AAo?$AAv?$AA?$AA@ 0000000180014798     LIBCMT:nlsdata.obj
 0002:000027a0       ??_C@_17EGKACKIF@?$AAD?$AAe?$AAc?$AA?$AA@ 00000001800147a0     LIBCMT:nlsdata.obj
 0002:000027a8       ??_C@_1BA@EFMEIEBA@?$AAJ?$AAa?$AAn?$AAu?$AAa?$AAr?$AAy?$AA?$AA@ 00000001800147a8     LIBCMT:nlsdata.obj
 0002:000027b8       ??_C@_1BC@JGDDFFAM@?$AAF?$AAe?$AAb?$AAr?$AAu?$AAa?$AAr?$AAy?$AA?$AA@ 00000001800147b8     LIBCMT:nlsdata.obj
 0002:000027d0       ??_C@_1M@IKEENEDF@?$AAM?$AAa?$AAr?$AAc?$AAh?$AA?$AA@ 00000001800147d0     LIBCMT:nlsdata.obj
 0002:000027e0       ??_C@_1M@GJNLMHFD@?$AAA?$AAp?$AAr?$AAi?$AAl?$AA?$AA@ 00000001800147e0     LIBCMT:nlsdata.obj
 0002:000027f0       ??_C@_19EPFLPGAP@?$AAJ?$AAu?$AAn?$AAe?$AA?$AA@ 00000001800147f0     LIBCMT:nlsdata.obj
 0002:00002800       ??_C@_19BIFMLPCD@?$AAJ?$AAu?$AAl?$AAy?$AA?$AA@ 0000000180014800     LIBCMT:nlsdata.obj
 0002:00002810       ??_C@_1O@PAHLKOAC@?$AAA?$AAu?$AAg?$AAu?$AAs?$AAt?$AA?$AA@ 0000000180014810     LIBCMT:nlsdata.obj
 0002:00002820       ??_C@_1BE@DKAAMBJL@?$AAS?$AAe?$AAp?$AAt?$AAe?$AAm?$AAb?$AAe?$AAr?$AA?$AA@ 0000000180014820     LIBCMT:nlsdata.obj
 0002:00002838       ??_C@_1BA@EPANDLNG@?$AAO?$AAc?$AAt?$AAo?$AAb?$AAe?$AAr?$AA?$AA@ 0000000180014838     LIBCMT:nlsdata.obj
 0002:00002848       ??_C@_1BC@BGLIFPF@?$AAN?$AAo?$AAv?$AAe?$AAm?$AAb?$AAe?$AAr?$AA?$AA@ 0000000180014848     LIBCMT:nlsdata.obj
 0002:00002860       ??_C@_1BC@FEMKIFH@?$AAD?$AAe?$AAc?$AAe?$AAm?$AAb?$AAe?$AAr?$AA?$AA@ 0000000180014860     LIBCMT:nlsdata.obj
 0002:00002874       ??_C@_15ODEHAHHF@?$AAA?$AAM?$AA?$AA@ 0000000180014874     LIBCMT:nlsdata.obj
 0002:0000287c       ??_C@_15CLMNNGEL@?$AAP?$AAM?$AA?$AA@ 000000018001487c     LIBCMT:nlsdata.obj
 0002:00002888       ??_C@_1BC@IEBCMHCM@?$AAM?$AAM?$AA?1?$AAd?$AAd?$AA?1?$AAy?$AAy?$AA?$AA@ 0000000180014888     LIBCMT:nlsdata.obj
 0002:000028a0       ??_C@_1CI@KNAKOEBC@?$AAd?$AAd?$AAd?$AAd?$AA?0?$AA?5?$AAM?$AAM?$AAM?$AAM?$AA?5?$AAd?$AAd?$AA?0?$AA?5?$AAy?$AAy?$AAy?$AAy?$AA?$AA@ 00000001800148a0     LIBCMT:nlsdata.obj
 0002:000028c8       ??_C@_1BC@GDGBMEMK@?$AAH?$AAH?$AA?3?$AAm?$AAm?$AA?3?$AAs?$AAs?$AA?$AA@ 00000001800148c8     LIBCMT:nlsdata.obj
 0002:000028e0       ??_C@_1M@BMHNFIME@?$AAe?$AAn?$AA?9?$AAU?$AAS?$AA?$AA@ 00000001800148e0     LIBCMT:nlsdata.obj
 0002:00002970       _XcptActTab                0000000180014970     LIBCMT:winxfltr.obj
 0002:00002a30       _XcptActTabCount           0000000180014a30     LIBCMT:winxfltr.obj
 0002:00002a34       _XcptActTabSize            0000000180014a34     LIBCMT:winxfltr.obj
 0002:00002a38       _First_FPE_Indx            0000000180014a38     LIBCMT:winxfltr.obj
 0002:00002a3c       _Num_FPE                   0000000180014a3c     LIBCMT:winxfltr.obj
 0002:00002a40       ??_C@_1BK@MGMFAEKH@?$AAk?$AAe?$AAr?$AAn?$AAe?$AAl?$AA3?$AA2?$AA?4?$AAd?$AAl?$AAl?$AA?$AA@ 0000000180014a40     LIBCMT:winapisupp.obj
 0002:00002a60       ??_C@_08KNHFBNJ@FlsAlloc?$AA@ 0000000180014a60     LIBCMT:winapisupp.obj
 0002:00002a70       ??_C@_07PEJMOBNF@FlsFree?$AA@ 0000000180014a70     LIBCMT:winapisupp.obj
 0002:00002a78       ??_C@_0M@GDNOONDI@FlsGetValue?$AA@ 0000000180014a78     LIBCMT:winapisupp.obj
 0002:00002a88       ??_C@_0M@JCPCPOEF@FlsSetValue?$AA@ 0000000180014a88     LIBCMT:winapisupp.obj
 0002:00002a98       ??_C@_0BM@HCFOFFN@InitializeCriticalSectionEx?$AA@ 0000000180014a98     LIBCMT:winapisupp.obj
 0002:00002ab8       ??_C@_0P@DLHPPCNH@CreateEventExW?$AA@ 0000000180014ab8     LIBCMT:winapisupp.obj
 0002:00002ac8       ??_C@_0BD@KIEEOEEH@CreateSemaphoreExW?$AA@ 0000000180014ac8     LIBCMT:winapisupp.obj
 0002:00002ae0       ??_C@_0BI@BKLFFAPO@SetThreadStackGuarantee?$AA@ 0000000180014ae0     LIBCMT:winapisupp.obj
 0002:00002af8       ??_C@_0BG@OGFAJCKC@CreateThreadpoolTimer?$AA@ 0000000180014af8     LIBCMT:winapisupp.obj
 0002:00002b10       ??_C@_0BD@LPLEMMDI@SetThreadpoolTimer?$AA@ 0000000180014b10     LIBCMT:winapisupp.obj
 0002:00002b28       ??_C@_0CA@FMNJENH@WaitForThreadpoolTimerCallbacks?$AA@ 0000000180014b28     LIBCMT:winapisupp.obj
 0002:00002b48       ??_C@_0BF@DCFCCNOC@CloseThreadpoolTimer?$AA@ 0000000180014b48     LIBCMT:winapisupp.obj
 0002:00002b60       ??_C@_0BF@FLABGKKM@CreateThreadpoolWait?$AA@ 0000000180014b60     LIBCMT:winapisupp.obj
 0002:00002b78       ??_C@_0BC@MGCOHNA@SetThreadpoolWait?$AA@ 0000000180014b78     LIBCMT:winapisupp.obj
 0002:00002b90       ??_C@_0BE@OCIOMIMP@CloseThreadpoolWait?$AA@ 0000000180014b90     LIBCMT:winapisupp.obj
 0002:00002ba8       ??_C@_0BJ@LKGHFHBO@FlushProcessWriteBuffers?$AA@ 0000000180014ba8     LIBCMT:winapisupp.obj
 0002:00002bc8       ??_C@_0BP@KALKKPMO@FreeLibraryWhenCallbackReturns?$AA@ 0000000180014bc8     LIBCMT:winapisupp.obj
 0002:00002be8       ??_C@_0BK@DFNBACLA@GetCurrentProcessorNumber?$AA@ 0000000180014be8     LIBCMT:winapisupp.obj
 0002:00002c08       ??_C@_0BP@KHGALBC@GetLogicalProcessorInformation?$AA@ 0000000180014c08     LIBCMT:winapisupp.obj
 0002:00002c28       ??_C@_0BE@FKKLLFLM@CreateSymbolicLinkW?$AA@ 0000000180014c28     LIBCMT:winapisupp.obj
 0002:00002c40       ??_C@_0BJ@OHNKDLIJ@SetDefaultDllDirectories?$AA@ 0000000180014c40     LIBCMT:winapisupp.obj
 0002:00002c60       ??_C@_0BE@LJANKFHF@EnumSystemLocalesEx?$AA@ 0000000180014c60     LIBCMT:winapisupp.obj
 0002:00002c78       ??_C@_0BA@IHGNDAEB@CompareStringEx?$AA@ 0000000180014c78     LIBCMT:winapisupp.obj
 0002:00002c88       ??_C@_0BA@EPCJIIPD@GetDateFormatEx?$AA@ 0000000180014c88     LIBCMT:winapisupp.obj
 0002:00002c98       ??_C@_0BA@ONOKGCMP@GetLocaleInfoEx?$AA@ 0000000180014c98     LIBCMT:winapisupp.obj
 0002:00002ca8       ??_C@_0BA@CIJJKCJJ@GetTimeFormatEx?$AA@ 0000000180014ca8     LIBCMT:winapisupp.obj
 0002:00002cb8       ??_C@_0BJ@PBCCBIPI@GetUserDefaultLocaleName?$AA@ 0000000180014cb8     LIBCMT:winapisupp.obj
 0002:00002cd8       ??_C@_0BC@CELBKLLA@IsValidLocaleName?$AA@ 0000000180014cd8     LIBCMT:winapisupp.obj
 0002:00002cf0       ??_C@_0O@KKBNKAPF@LCMapStringEx?$AA@ 0000000180014cf0     LIBCMT:winapisupp.obj
 0002:00002d00       ??_C@_0BE@JOGNEJCI@GetCurrentPackageId?$AA@ 0000000180014d00     LIBCMT:winapisupp.obj
 0002:00002d18       ??_C@_0P@CDHHOHKP@GetTickCount64?$AA@ 0000000180014d18     LIBCMT:winapisupp.obj
 0002:00002d28       ??_C@_0BO@KPCLFDJJ@GetFileInformationByHandleExW?$AA@ 0000000180014d28     LIBCMT:winapisupp.obj
 0002:00002d48       ??_C@_0BM@MHIDLABK@SetFileInformationByHandleW?$AA@ 0000000180014d48     LIBCMT:winapisupp.obj
 0002:00002d68       _pDestructExceptionObject  0000000180014d68     LIBCMT:frame.obj
 0002:00002d70       ??_C@_05KLBDPFGC@e?$CL000?$AA@ 0000000180014d70     LIBCMT:cvt.obj
 0002:00002d78       __real@0000000000000000    0000000180014d78     LIBCMT:cvt.obj
 0002:00002d80       LcidToLocaleNameTable      0000000180014d80     LIBCMT:winapinls.obj
 0002:00003bc0       LocaleNameToIndexTable     0000000180015bc0     LIBCMT:winapinls.obj
 0002:00004a00       ??_C@_15EMKDOKLE@?$AAa?$AAr?$AA?$AA@ 0000000180016a00     LIBCMT:winapinls.obj
 0002:00004a08       ??_C@_15KNPADPLH@?$AAb?$AAg?$AA?$AA@ 0000000180016a08     LIBCMT:winapinls.obj
 0002:00004a10       ??_C@_15EDMHLDMO@?$AAc?$AAa?$AA?$AA@ 0000000180016a10     LIBCMT:winapinls.obj
 0002:00004a18       ??_C@_1O@BPEAJADD@?$AAz?$AAh?$AA?9?$AAC?$AAH?$AAS?$AA?$AA@ 0000000180016a18     LIBCMT:winapinls.obj
 0002:00004a28       ??_C@_15LJNHCMNK@?$AAc?$AAs?$AA?$AA@ 0000000180016a28     LIBCMT:winapinls.obj
 0002:00004a30       ??_C@_15FOMCIDHG@?$AAd?$AAa?$AA?$AA@ 0000000180016a30     LIBCMT:winapinls.obj
 0002:00004a38       ??_C@_15NBKABECB@?$AAd?$AAe?$AA?$AA@ 0000000180016a38     LIBCMT:winapinls.obj
 0002:00004a40       ??_C@_15GHPEIIAO@?$AAe?$AAl?$AA?$AA@ 0000000180016a40     LIBCMT:winapinls.obj
 0002:00004a48       ??_C@_15MNPNEAIF@?$AAe?$AAn?$AA?$AA@ 0000000180016a48     LIBCMT:winapinls.obj
 0002:00004a50       ??_C@_15GPIOMPMH@?$AAe?$AAs?$AA?$AA@ 0000000180016a50     LIBCMT:winapinls.obj
 0002:00004a58       ??_C@_15NGLOAKJC@?$AAf?$AAi?$AA?$AA@ 0000000180016a58     LIBCMT:winapinls.obj
 0002:00004a60       ??_C@_15FBKGNKAM@?$AAf?$AAr?$AA?$AA@ 0000000180016a60     LIBCMT:winapinls.obj
 0002:00004a68       ??_C@_15KGGCNEFK@?$AAh?$AAe?$AA?$AA@ 0000000180016a68     LIBCMT:winapinls.obj
 0002:00004a70       ??_C@_15PGHLIDMF@?$AAh?$AAu?$AA?$AA@ 0000000180016a70     LIBCMT:winapinls.obj
 0002:00004a78       ??_C@_15BIEMAPLM@?$AAi?$AAs?$AA?$AA@ 0000000180016a78     LIBCMT:winapinls.obj
 0002:00004a80       ??_C@_15IFJLDHAF@?$AAi?$AAt?$AA?$AA@ 0000000180016a80     LIBCMT:winapinls.obj
 0002:00004a88       ??_C@_15GEMIOCAG@?$AAj?$AAa?$AA?$AA@ 0000000180016a88     LIBCMT:winapinls.obj
 0002:00004a90       ??_C@_15EPELEGJA@?$AAk?$AAo?$AA?$AA@ 0000000180016a90     LIBCMT:winapinls.obj
 0002:00004a98       ??_C@_15NDDHIMN@?$AAn?$AAl?$AA?$AA@ 0000000180016a98     LIBCMT:winapinls.obj
[...]
 0004:00000318       $pdata$??0_LocaleUpdate@@QEAA@PEAUlocaleinfo_struct@@@Z 0000000180020318     LIBCMT:stricmp.obj
 0004:00000324       $pdata$_stricmp            0000000180020324     LIBCMT:stricmp.obj
 0004:00000330       $pdata$_stricmp_l          0000000180020330     LIBCMT:stricmp.obj
 0004:0000033c       $pdata$_CRT_INIT           000000018002033c     LIBCMT:dllcrt0.obj
 0004:00000348       $pdata$_DllMainCRTStartup  0000000180020348     LIBCMT:dllcrt0.obj
 0004:00000354       $pdata$__DllMainCRTStartup 0000000180020354     LIBCMT:dllcrt0.obj
 0004:0000036c       $pdata$_CxxThrowException  000000018002036c     LIBCMT:throw.obj
 0004:00000378       $pdata$??_Gtype_info@@UEAAPEAXI@Z 0000000180020378     LIBCMT:typinfo.obj
 0004:00000384       $pdata$??0exception@std@@QEAA@AEBV01@@Z 0000000180020384     LIBCMT:stdexcpt.obj
 0004:00000390       $pdata$??4exception@std@@QEAAAEAV01@AEBV01@@Z 0000000180020390     LIBCMT:stdexcpt.obj
 0004:0000039c       $pdata$??_Gexception@std@@UEAAPEAXI@Z 000000018002039c     LIBCMT:stdexcpt.obj
 0004:000003a8       $pdata$?_Copy_str@exception@std@@AEAAXPEBD@Z 00000001800203a8     LIBCMT:stdexcpt.obj
 0004:000003b4       $pdata$?_Tidy@exception@std@@AEAAXXZ 00000001800203b4     LIBCMT:stdexcpt.obj
 0004:000003c0       $pdata$__raise_securityfailure 00000001800203c0     LIBCMT:gs_report.obj
 0004:000003cc       $pdata$__report_gsfailure  00000001800203cc     LIBCMT:gs_report.obj
 0004:000003d8       $pdata$__isa_available_init 00000001800203d8     LIBCMT:cpu_disp.obj
 0004:000003e4       $pdata$_call_reportfault   00000001800203e4     LIBCMT:invarg.obj
 0004:000003f0       $pdata$_invalid_parameter  00000001800203f0     LIBCMT:invarg.obj
 0004:000003fc       $pdata$_invalid_parameter_noinfo 00000001800203fc     LIBCMT:invarg.obj
 0004:00000408       $pdata$_invoke_watson      0000000180020408     LIBCMT:invarg.obj
 0004:00000414       $pdata$memcpy_s            0000000180020414     LIBCMT:memcpy_s.obj
 0004:00000420       $pdata$wcscat_s            0000000180020420     LIBCMT:wcscat_s.obj
 0004:0000042c       $pdata$wcscpy_s            000000018002042c     LIBCMT:wcscpy_s.obj
 0004:00000438       $pdata$wcsncat_s           0000000180020438     LIBCMT:wcsncat_s.obj
 0004:00000444       $pdata$__crtCorExitProcess 0000000180020444     LIBCMT:crt0dat.obj
 0004:00000450       $pdata$__crtExitProcess    0000000180020450     LIBCMT:crt0dat.obj
 0004:0000045c       $pdata$__freeCrtMemory     000000018002045c     LIBCMT:crt0dat.obj
 0004:00000468       $pdata$_amsg_exit          0000000180020468     LIBCMT:crt0dat.obj
 0004:00000474       $pdata$_cinit              0000000180020474     LIBCMT:crt0dat.obj
 0004:00000480       $pdata$_init_pointers      0000000180020480     LIBCMT:crt0dat.obj
 0004:0000048c       $pdata$_initterm           000000018002048c     LIBCMT:crt0dat.obj
 0004:00000498       $pdata$_initterm_e         0000000180020498     LIBCMT:crt0dat.obj
 0004:000004a4       $pdata$doexit              00000001800204a4     LIBCMT:crt0dat.obj
 0004:000004b0       $pdata$abort               00000001800204b0     LIBCMT:abort.obj
 0004:000004bc       $pdata$_set_error_mode     00000001800204bc     LIBCMT:errmode.obj
 0004:000004c8       $pdata$_itow_s             00000001800204c8     LIBCMT:xtows.obj
 0004:000004d4       $pdata$xtow_s              00000001800204d4     LIBCMT:xtows.obj
 0004:000004e0       $pdata$__initstdio         00000001800204e0     LIBCMT:_file.obj
 0004:000004ec       $pdata$__endstdio          00000001800204ec     LIBCMT:_file.obj
 0004:000004f8       $pdata$_lock_file          00000001800204f8     LIBCMT:_file.obj
 0004:00000504       $pdata$_lock_file2         0000000180020504     LIBCMT:_file.obj
 0004:00000510       $pdata$_fflush_nolock      0000000180020510     LIBCMT:fflush.obj
 0004:0000051c       $pdata$_flush              000000018002051c     LIBCMT:fflush.obj
 0004:00000528       $pdata$fflush              0000000180020528     LIBCMT:fflush.obj
 0004:00000534       $pdata$flsall              0000000180020534     LIBCMT:fflush.obj
 0004:00000540       $pdata$setvbuf             0000000180020540     LIBCMT:setvbuf.obj
 0004:0000054c       $pdata$fwprintf            000000018002054c     LIBCMT:fwprintf.obj
 0004:00000558       $pdata$_vswprintf_c_l      0000000180020558     LIBCMT:vswprnc.obj
 0004:00000564       $pdata$_vswprintf_helper   0000000180020564     LIBCMT:vswprnc.obj
 0004:00000570       $pdata$raise               0000000180020570     LIBCMT:winsig.obj
 0004:0000057c       $pdata$__crtMessageBoxW    000000018002057c     LIBCMT:crtmboxw.obj
 0004:00000588       $pdata$__GSHandlerCheck    0000000180020588     LIBCMT:gshandler.obj
 0004:00000594       $pdata$__GSHandlerCheckCommon 0000000180020594     LIBCMT:gshandler.obj
 0004:000005a0       $pdata$_FF_MSGBANNER       00000001800205a0     LIBCMT:crt0msg.obj
 0004:000005ac       $pdata$_NMSG_WRITE         00000001800205ac     LIBCMT:crt0msg.obj
 0004:000005b8       $pdata$_msize              00000001800205b8     LIBCMT:msize.obj
 0004:000005c4       $pdata$_calloc_crt         00000001800205c4     LIBCMT:crtheap.obj
 0004:000005d0       $pdata$_malloc_crt         00000001800205d0     LIBCMT:crtheap.obj
 0004:000005dc       $pdata$_realloc_crt        00000001800205dc     LIBCMT:crtheap.obj
 0004:000005e8       $pdata$__C_specific_handler 00000001800205e8     LIBCMT:chandler.obj
 0004:000005f4       $pdata$free                00000001800205f4     LIBCMT:free.obj
 0004:00000600       $pdata$malloc              0000000180020600     LIBCMT:malloc.obj
 0004:0000060c       $pdata$_callnewh           000000018002060c     LIBCMT:handler.obj
 0004:00000618       $pdata$__freetlocinfo      0000000180020618     LIBCMT:localref.obj
 0004:00000624       $pdata$__updatetlocinfo    0000000180020624     LIBCMT:localref.obj
 0004:00000630       $pdata$_updatetlocinfoEx_nolock 0000000180020630     LIBCMT:localref.obj
 0004:0000063c       $pdata$__initmbctable      000000018002063c     LIBCMT:mbctype.obj
 0004:00000648       $pdata$?getSystemCP@@YAHH@Z 0000000180020648     LIBCMT:mbctype.obj
 0004:00000654       $pdata$?setSBCS@@YAXPEAUthreadmbcinfostruct@@@Z 0000000180020654     LIBCMT:mbctype.obj
 0004:00000660       $pdata$?setSBUpLow@@YAXPEAUthreadmbcinfostruct@@@Z 0000000180020660     LIBCMT:mbctype.obj
 0004:0000066c       $pdata$__updatetmbcinfo    000000018002066c     LIBCMT:mbctype.obj
 0004:00000678       $pdata$_setmbcp            0000000180020678     LIBCMT:mbctype.obj
 0004:00000684       $pdata$_setmbcp_nolock     0000000180020684     LIBCMT:mbctype.obj
 0004:00000690       $pdata$_tolower_l          0000000180020690     LIBCMT:tolower.obj
 0004:0000069c       $pdata$_freefls            000000018002069c     LIBCMT:tidtable.obj
 0004:000006a8       $pdata$_freeptd            00000001800206a8     LIBCMT:tidtable.obj
 0004:000006b4       $pdata$_getptd             00000001800206b4     LIBCMT:tidtable.obj
 0004:000006c0       $pdata$_getptd_noexit      00000001800206c0     LIBCMT:tidtable.obj
 0004:000006cc       $pdata$_initptd            00000001800206cc     LIBCMT:tidtable.obj
 0004:000006d8       $pdata$_mtinit             00000001800206d8     LIBCMT:tidtable.obj
 0004:000006e4       $pdata$_mtterm             00000001800206e4     LIBCMT:tidtable.obj
 0004:000006f0       $pdata$__doserrno          00000001800206f0     LIBCMT:dosmap.obj
 0004:000006fc       $pdata$_dosmaperr          00000001800206fc     LIBCMT:dosmap.obj
 0004:00000708       $pdata$_errno              0000000180020708     LIBCMT:dosmap.obj
 0004:00000714       $pdata$_locterm            0000000180020714     LIBCMT:wsetloca.obj
 0004:00000720       $pdata$_XcptFilter         0000000180020720     LIBCMT:winxfltr.obj
 0004:0000072c       $pdata$_heap_init          000000018002072c     LIBCMT:heapinit.obj
 0004:00000738       $pdata$_ioinit             0000000180020738     LIBCMT:ioinit.obj
 0004:00000744       $pdata$_ioterm             0000000180020744     LIBCMT:ioinit.obj
 0004:00000750       $pdata$_setargv            0000000180020750     LIBCMT:stdargv.obj
 0004:0000075c       $pdata$parse_cmdline       000000018002075c     LIBCMT:stdargv.obj
 0004:00000768       $pdata$_setenvp            0000000180020768     LIBCMT:stdenvp.obj
 0004:00000774       $pdata$__security_init_cookie 0000000180020774     LIBCMT:gs_support.obj
 0004:00000780       $pdata$__crtGetEnvironmentStringsA 0000000180020780     LIBCMT:a_env.obj
 0004:0000078c       $pdata$__crtCaptureCurrentContext 000000018002078c     LIBCMT:winapisupp.obj
 0004:00000798       $pdata$__crtCapturePreviousContext 0000000180020798     LIBCMT:winapisupp.obj
 0004:000007a4       $pdata$__crtInitializeCriticalSectionEx 00000001800207a4     LIBCMT:winapisupp.obj
 0004:000007b0       $pdata$__crtIsPackagedApp  00000001800207b0     LIBCMT:winapisupp.obj
 0004:000007bc       $pdata$__crtLoadWinApiPointers 00000001800207bc     LIBCMT:winapisupp.obj
 0004:000007c8       $pdata$__crtTerminateProcess 00000001800207c8     LIBCMT:winapisupp.obj
 0004:000007d4       $pdata$__crtUnhandledException 00000001800207d4     LIBCMT:winapisupp.obj
 0004:000007e0       $pdata$_RTC_Initialize     00000001800207e0     LIBCMT:initsect.obj
 0004:000007ec       $pdata$_RTC_Terminate      00000001800207ec     LIBCMT:initsect.obj
 0004:000007f8       $pdata$__DestructExceptionObject 00000001800207f8     LIBCMT:frame.obj
 0004:00000804       $pdata$?terminate@@YAXXZ   0000000180020804     LIBCMT:hooks.obj
 0004:00000810       $pdata$_initp_eh_hooks     0000000180020810     LIBCMT:hooks.obj
 0004:00000828       $pdata$?_Type_info_dtor@type_info@@CAXPEAV1@@Z 0000000180020828     LIBCMT:typname.obj
 0004:00000834       $pdata$_cfltcvt            0000000180020834     LIBCMT:cvt.obj
 0004:00000840       $pdata$_cfltcvt_l          0000000180020840     LIBCMT:cvt.obj
 0004:0000084c       $pdata$_cftoa_l            000000018002084c     LIBCMT:cvt.obj
 0004:00000858       $pdata$_cftoe2_l           0000000180020858     LIBCMT:cvt.obj
 0004:00000864       $pdata$_cftoe_l            0000000180020864     LIBCMT:cvt.obj
 0004:00000870       $pdata$_cftof2_l           0000000180020870     LIBCMT:cvt.obj
 0004:0000087c       $pdata$_cftof_l            000000018002087c     LIBCMT:cvt.obj
 0004:00000888       $pdata$_cftog_l            0000000180020888     LIBCMT:cvt.obj
 0004:00000894       $pdata$_cropzeros_l        0000000180020894     LIBCMT:cvt.obj
 0004:000008a0       $pdata$_fassign_l          00000001800208a0     LIBCMT:cvt.obj
 0004:000008ac       $pdata$_forcdecpt_l        00000001800208ac     LIBCMT:cvt.obj
 0004:000008b8       $pdata$_initp_misc_cfltcvt_tab 00000001800208b8     LIBCMT:cmiscdat.obj
 0004:000008c4       $pdata$strcpy_s            00000001800208c4     LIBCMT:strcpy_s.obj
 0004:000008dc       $pdata$_lock               00000001800208dc     LIBCMT:mlock.obj
 0004:000008e8       $pdata$_mtdeletelocks      00000001800208e8     LIBCMT:mlock.obj
 0004:000008f4       $pdata$_mtinitlocknum      00000001800208f4     LIBCMT:mlock.obj
 0004:00000900       $pdata$_mtinitlocks        0000000180020900     LIBCMT:mlock.obj
 0004:0000090c       $pdata$_IsNonwritableInCurrentImage 000000018002090c     LIBCMT:pesect.obj
 0004:00000918       $pdata$_ftbuf              0000000180020918     LIBCMT:_sftbuf.obj
 0004:00000924       $pdata$_stbuf              0000000180020924     LIBCMT:_sftbuf.obj
 0004:00000930       $pdata$_fcloseall          0000000180020930     LIBCMT:closeall.obj
 0004:0000093c       $pdata$_fileno             000000018002093c     LIBCMT:fileno.obj
 0004:00000948       $pdata$_commit             0000000180020948     LIBCMT:commit.obj
 0004:00000954       $pdata$_write              0000000180020954     LIBCMT:write.obj
 0004:00000960       $pdata$_write_nolock       0000000180020960     LIBCMT:write.obj
 0004:0000096c       $pdata$_freebuf            000000018002096c     LIBCMT:_freebuf.obj
 0004:00000978       $pdata$_woutput_l          0000000180020978     LIBCMT:woutput.obj
 0004:00000984       $pdata$write_char          0000000180020984     LIBCMT:woutput.obj
 0004:00000990       $pdata$write_multi_char    0000000180020990     LIBCMT:woutput.obj
 0004:0000099c       $pdata$write_string        000000018002099c     LIBCMT:woutput.obj
 0004:000009a8       $pdata$_flsbuf             00000001800209a8     LIBCMT:_flsbuf.obj
 0004:000009b4       $pdata$wcsncpy_s           00000001800209b4     LIBCMT:wcsncpy_s.obj
 0004:000009c0       $pdata$realloc             00000001800209c0     LIBCMT:realloc.obj
 0004:000009cc       $pdata$_calloc_impl        00000001800209cc     LIBCMT:calloc_impl.obj
 0004:00000a08       $pdata$GetTableIndexFromLocaleName 0000000180020a08     LIBCMT:winapinls.obj
 0004:00000a14       $pdata$__crtDownlevelLocaleNameToLCID 0000000180020a14     LIBCMT:winapinls.obj
 0004:00000a20       $pdata$__crtLCMapStringEx  0000000180020a20     LIBCMT:winapinls.obj
 0004:00000a38       $pdata$__free_lconv_mon    0000000180020a38     LIBCMT:initmon.obj
 0004:00000a44       $pdata$__free_lconv_num    0000000180020a44     LIBCMT:initnum.obj
 0004:00000a50       $pdata$__free_lc_time      0000000180020a50     LIBCMT:inittime.obj
 0004:00000a5c       $pdata$?__crtLCMapStringA_stat@@YAHPEAUlocaleinfo_struct@@PEB_WKPEBDHPEADHHH@Z 0000000180020a5c     LIBCMT:a_map.obj
 0004:00000a68       $pdata$__crtLCMapStringA   0000000180020a68     LIBCMT:a_map.obj
 0004:00000a74       $pdata$?__crtGetStringTypeA_stat@@YAHPEAUlocaleinfo_struct@@KPEBDHPEAGHH@Z 0000000180020a74     LIBCMT:a_str.obj
 0004:00000a80       $pdata$__crtGetStringTypeA 0000000180020a80     LIBCMT:a_str.obj
 0004:00000a8c       $pdata$_isctype_l          0000000180020a8c     LIBCMT:isctype.obj
 0004:00000a98       $pdata$_isleadbyte_l       0000000180020a98     LIBCMT:_wctype.obj
 0004:00000aa4       $pdata$isleadbyte          0000000180020aa4     LIBCMT:_wctype.obj
 0004:00000abc       $pdata$?x_ismbbtype_l@@YAHPEAUlocaleinfo_struct@@IHH@Z 0000000180020abc     LIBCMT:ismbbyte.obj
 0004:00000ad4       $pdata$isdigit             0000000180020ad4     LIBCMT:_ctype.obj
 0004:00000ae0       $pdata$strrchr             0000000180020ae0     LIBCMT:strrchr.obj
 0004:00000aec       $pdata$_fptostr            0000000180020aec     LIBCMT:_fptostr.obj
 0004:00000af8       $pdata$__crt_atoflt_l      0000000180020af8     LIBCMT:atodbl.obj
 0004:00000b04       $pdata$_atodbl_l           0000000180020b04     LIBCMT:atodbl.obj
 0004:00000b10       $pdata$__dtold             0000000180020b10     LIBCMT:cfout.obj
 0004:00000b1c       $pdata$_fltout2            0000000180020b1c     LIBCMT:cfout.obj
 0004:00000b28       $pdata$_isatty             0000000180020b28     LIBCMT:isatty.obj
 0004:00000b34       $pdata$_fclose_nolock      0000000180020b34     LIBCMT:fclose.obj
 0004:00000b40       $pdata$fclose              0000000180020b40     LIBCMT:fclose.obj
 0004:00000b4c       $pdata$__lock_fhandle      0000000180020b4c     LIBCMT:osfinfo.obj
 0004:00000b58       $pdata$_free_osfhnd        0000000180020b58     LIBCMT:osfinfo.obj
 0004:00000b64       $pdata$_get_osfhandle      0000000180020b64     LIBCMT:osfinfo.obj
 0004:00000b70       $pdata$_lseeki64           0000000180020b70     LIBCMT:lseeki64.obj
 0004:00000b7c       $pdata$_lseeki64_nolock    0000000180020b7c     LIBCMT:lseeki64.obj
 0004:00000b88       $pdata$_mbtowc_l           0000000180020b88     LIBCMT:mbtowc.obj
 0004:00000b94       $pdata$_putwch_nolock      0000000180020b94     LIBCMT:putwch.obj
 0004:00000bac       $pdata$_fputwc_nolock      0000000180020bac     LIBCMT:fputwc.obj
 0004:00000bb8       $pdata$_getbuf             0000000180020bb8     LIBCMT:_getbuf.obj
 0004:00000bc4       $pdata$_ld12tod            0000000180020bc4     LIBCMT:intrncvt.obj
 0004:00000bd0       $pdata$_ld12tof            0000000180020bd0     LIBCMT:intrncvt.obj
 0004:00000bdc       $pdata$__strgtold12_l      0000000180020bdc     LIBCMT:strgtold.obj
 0004:00000be8       $pdata$$I10_OUTPUT         0000000180020be8     LIBCMT:x10fout.obj
 0004:00000bf4       $pdata$_close              0000000180020bf4     LIBCMT:close.obj
 0004:00000c00       $pdata$_close_nolock       0000000180020c00     LIBCMT:close.obj
 0004:00000c0c       $pdata$__termconout        0000000180020c0c     LIBCMT:initcon.obj
 0004:00000c18       $pdata$__initconout        0000000180020c18     LIBCMT:initcon.obj
 0004:00000c24       $pdata$_wctomb_s_l         0000000180020c24     LIBCMT:wctomb.obj
 0004:00000c30       $pdata$wctomb_s            0000000180020c30     LIBCMT:wctomb.obj
 0004:00000c3c       $pdata$_flswbuf            0000000180020c3c     LIBCMT:_flswbuf.obj
 0004:00000c48       $pdata$__mtold12           0000000180020c48     LIBCMT:mantold.obj
 0004:00000c54       $pdata$__delayLoadHelper2  0000000180020c54     DelayImp:delayhlp.obj
 0004:00000c60       $pdata$_onexit$fin$0       0000000180020c60     LIBCMT:onexit.obj
 0004:00000c6c       $pdata$_CRT_INIT$fin$0     0000000180020c6c     LIBCMT:dllcrt0.obj
 0004:00000c78       $pdata$__DllMainCRTStartup$filt$0 0000000180020c78     LIBCMT:dllcrt0.obj
 0004:00000c84       $pdata$doexit$fin$0        0000000180020c84     LIBCMT:crt0dat.obj
 0004:00000c90       $pdata$flsall$fin$0        0000000180020c90     LIBCMT:fflush.obj
 0004:00000c9c       $pdata$flsall$fin$1        0000000180020c9c     LIBCMT:fflush.obj
 0004:00000ca8       $pdata$setvbuf$fin$0       0000000180020ca8     LIBCMT:setvbuf.obj
 0004:00000cb4       $pdata$fwprintf$fin$0      0000000180020cb4     LIBCMT:fwprintf.obj
 0004:00000cc0       $pdata$raise$fin$0         0000000180020cc0     LIBCMT:winsig.obj
 0004:00000ccc       $pdata$_locterm$fin$0      0000000180020ccc     LIBCMT:localref.obj
 0004:00000ccc       $pdata$__updatetlocinfo$fin$0 0000000180020ccc     LIBCMT:localref.obj
 0004:00000cd8       $pdata$__updatetmbcinfo$fin$0 0000000180020cd8     LIBCMT:mbctype.obj
 0004:00000cd8       $pdata$_setmbcp$fin$0      0000000180020cd8     LIBCMT:mbctype.obj
 0004:00000ce4       $pdata$_freefls$fin$1      0000000180020ce4     LIBCMT:tidtable.obj
 0004:00000ce4       $pdata$_initptd$fin$1      0000000180020ce4     LIBCMT:tidtable.obj
 0004:00000cf0       $pdata$_initptd$fin$0      0000000180020cf0     LIBCMT:tidtable.obj
 0004:00000cf0       $pdata$_freefls$fin$0      0000000180020cf0     LIBCMT:tidtable.obj
 0004:00000cfc       $pdata$_ioinit$fin$0       0000000180020cfc     LIBCMT:ioinit.obj
 0004:00000d08       $pdata$__DestructExceptionObject$filt$0 0000000180020d08     LIBCMT:frame.obj
 0004:00000d14       $pdata$?fin$0@?0??_Type_info_dtor@type_info@@CAXPEAV1@@Z@4HA 0000000180020d14     LIBCMT:typname.obj
 0004:00000d20       $pdata$_mtinitlocknum$fin$0 0000000180020d20     LIBCMT:mlock.obj
 0004:00000d2c       $pdata$_IsNonwritableInCurrentImage$filt$0 0000000180020d2c     LIBCMT:pesect.obj
 0004:00000d38       $pdata$_fcloseall$fin$0    0000000180020d38     LIBCMT:closeall.obj
 0004:00000d44       $pdata$_write$fin$0        0000000180020d44     LIBCMT:write.obj
 0004:00000d44       $pdata$_lseeki64$fin$0     0000000180020d44     LIBCMT:write.obj
 0004:00000d50       $pdata$fclose$fin$0        0000000180020d50     LIBCMT:fclose.obj
 0004:00000d50       $pdata$fflush$fin$0        0000000180020d50     LIBCMT:fclose.obj
 0004:00000d5c       $pdata$__lock_fhandle$fin$0 0000000180020d5c     LIBCMT:osfinfo.obj
 0004:00000d68       $pdata$_close$fin$0        0000000180020d68     LIBCMT:close.obj
 0004:00000d68       $pdata$_commit$fin$0       0000000180020d68     LIBCMT:close.obj
 0005:00000060       $R000000                   0000000180021060     * linker generated manifest res *

 Exports

  ordinal    name

        1    _register_weakref_
